Archive member included because of file (symbol)

c:/program files (x86)/gnu tools arm embedded/4.9 2015q2/bin/../lib/gcc/arm-none-eabi/4.9.3/../../../../arm-none-eabi/lib/armv7e-m\libg_nano.a(lib_a-errno.o)
                              ./system/src/newlib/_sbrk.o (__errno)
c:/program files (x86)/gnu tools arm embedded/4.9 2015q2/bin/../lib/gcc/arm-none-eabi/4.9.3/../../../../arm-none-eabi/lib/armv7e-m\libg_nano.a(lib_a-impure.o)
                              c:/program files (x86)/gnu tools arm embedded/4.9 2015q2/bin/../lib/gcc/arm-none-eabi/4.9.3/../../../../arm-none-eabi/lib/armv7e-m\libg_nano.a(lib_a-errno.o) (_impure_ptr)

Allocating common symbols
Common symbol       size              file

errno               0x4               ./system/src/newlib/_syscalls.o

Discarded input sections

 .group         0x00000000        0x8 ./system/src/stm32f4-hal/stm32f4xx_hal.o
 .group         0x00000000        0x8 ./system/src/stm32f4-hal/stm32f4xx_hal.o
 .group         0x00000000        0x8 ./system/src/stm32f4-hal/stm32f4xx_hal.o
 .group         0x00000000        0x8 ./system/src/stm32f4-hal/stm32f4xx_hal.o
 .group         0x00000000        0x8 ./system/src/stm32f4-hal/stm32f4xx_hal.o
 .group         0x00000000        0x8 ./system/src/stm32f4-hal/stm32f4xx_hal.o
 .group         0x00000000        0x8 ./system/src/stm32f4-hal/stm32f4xx_hal.o
 .group         0x00000000        0x8 ./system/src/stm32f4-hal/stm32f4xx_hal.o
 .group         0x00000000        0x8 ./system/src/stm32f4-hal/stm32f4xx_hal.o
 .group         0x00000000        0x8 ./system/src/stm32f4-hal/stm32f4xx_hal.o
 .group         0x00000000        0x8 ./system/src/stm32f4-hal/stm32f4xx_hal.o
 .group         0x00000000        0x8 ./system/src/stm32f4-hal/stm32f4xx_hal.o
 .group         0x00000000        0x8 ./system/src/stm32f4-hal/stm32f4xx_hal.o
 .group         0x00000000        0x8 ./system/src/stm32f4-hal/stm32f4xx_hal.o
 .group         0x00000000        0x8 ./system/src/stm32f4-hal/stm32f4xx_hal.o
 .group         0x00000000        0x8 ./system/src/stm32f4-hal/stm32f4xx_hal.o
 .group         0x00000000        0x8 ./system/src/stm32f4-hal/stm32f4xx_hal.o
 .group         0x00000000        0x8 ./system/src/stm32f4-hal/stm32f4xx_hal.o
 .group         0x00000000        0x8 ./system/src/stm32f4-hal/stm32f4xx_hal.o
 .group         0x00000000        0x8 ./system/src/stm32f4-hal/stm32f4xx_hal.o
 .group         0x00000000        0x8 ./system/src/stm32f4-hal/stm32f4xx_hal.o
 .group         0x00000000        0x8 ./system/src/stm32f4-hal/stm32f4xx_hal.o
 .group         0x00000000        0x8 ./system/src/stm32f4-hal/stm32f4xx_hal.o
 .group         0x00000000        0x8 ./system/src/stm32f4-hal/stm32f4xx_hal.o
 .group         0x00000000        0x8 ./system/src/stm32f4-hal/stm32f4xx_hal.o
 .group         0x00000000        0x8 ./system/src/stm32f4-hal/stm32f4xx_hal.o
 .group         0x00000000        0x8 ./system/src/stm32f4-hal/stm32f4xx_hal.o
 .group         0x00000000        0x8 ./system/src/stm32f4-hal/stm32f4xx_hal.o
 .group         0x00000000        0x8 ./system/src/stm32f4-hal/stm32f4xx_hal.o
 .group         0x00000000        0x8 ./system/src/stm32f4-hal/stm32f4xx_hal.o
 .group         0x00000000        0x8 ./system/src/stm32f4-hal/stm32f4xx_hal.o
 .group         0x00000000        0x8 ./system/src/stm32f4-hal/stm32f4xx_hal.o
 .group         0x00000000        0x8 ./system/src/stm32f4-hal/stm32f4xx_hal.o
 .group         0x00000000        0x8 ./system/src/stm32f4-hal/stm32f4xx_hal.o
 .group         0x00000000        0x8 ./system/src/stm32f4-hal/stm32f4xx_hal.o
 .group         0x00000000        0x8 ./system/src/stm32f4-hal/stm32f4xx_hal.o
 .group         0x00000000        0x8 ./system/src/stm32f4-hal/stm32f4xx_hal.o
 .group         0x00000000        0x8 ./system/src/stm32f4-hal/stm32f4xx_hal.o
 .group         0x00000000        0x8 ./system/src/stm32f4-hal/stm32f4xx_hal.o
 .group         0x00000000        0x8 ./system/src/stm32f4-hal/stm32f4xx_hal.o
 .group         0x00000000        0x8 ./system/src/stm32f4-hal/stm32f4xx_hal.o
 .group         0x00000000        0x8 ./system/src/stm32f4-hal/stm32f4xx_hal.o
 .group         0x00000000        0x8 ./system/src/stm32f4-hal/stm32f4xx_hal.o
 .group         0x00000000        0x8 ./system/src/stm32f4-hal/stm32f4xx_hal.o
 .group         0x00000000        0x8 ./system/src/stm32f4-hal/stm32f4xx_hal.o
 .group         0x00000000        0x8 ./system/src/stm32f4-hal/stm32f4xx_hal.o
 .group         0x00000000        0x8 ./system/src/stm32f4-hal/stm32f4xx_hal.o
 .group         0x00000000        0x8 ./system/src/stm32f4-hal/stm32f4xx_hal.o
 .group         0x00000000        0x8 ./system/src/stm32f4-hal/stm32f4xx_hal.o
 .group         0x00000000        0x8 ./system/src/stm32f4-hal/stm32f4xx_hal.o
 .group         0x00000000        0x8 ./system/src/stm32f4-hal/stm32f4xx_hal.o
 .group         0x00000000        0x8 ./system/src/stm32f4-hal/stm32f4xx_hal.o
 .group         0x00000000        0x8 ./system/src/stm32f4-hal/stm32f4xx_hal.o
[...]
Memory Configuration

Name             Origin             Length             Attributes
RAM              0x20000000         0x00020000         xrw
CCMRAM           0x10000000         0x00010000         xrw
FLASH            0x08000000         0x00100000         xr
FLASHB1          0x00000000         0x00000000         xr
EXTMEMB0         0x00000000         0x00000000         xr
EXTMEMB1         0x00000000         0x00000000         xr
EXTMEMB2         0x00000000         0x00000000         xr
EXTMEMB3         0x00000000         0x00000000         xr
MEMORY_ARRAY     0x20002000         0x00000020         xrw
*default*        0x00000000         0xffffffff

Linker script and memory map

LOAD ./system/src/stm32f4-hal/stm32f4xx_hal.o
LOAD ./system/src/stm32f4-hal/stm32f4xx_hal_can.o
LOAD ./system/src/stm32f4-hal/stm32f4xx_hal_cec.o
LOAD ./system/src/stm32f4-hal/stm32f4xx_hal_cortex.o
LOAD ./system/src/stm32f4-hal/stm32f4xx_hal_crc.o
LOAD ./system/src/stm32f4-hal/stm32f4xx_hal_cryp.o
LOAD ./system/src/stm32f4-hal/stm32f4xx_hal_cryp_ex.o
LOAD ./system/src/stm32f4-hal/stm32f4xx_hal_gpio.o
LOAD ./system/src/stm32f4-hal/stm32f4xx_hal_msp_template.o
LOAD ./system/src/stm32f4-hal/stm32f4xx_hal_nand.o
LOAD ./system/src/stm32f4-hal/stm32f4xx_hal_nor.o
LOAD ./system/src/stm32f4-hal/stm32f4xx_hal_rcc.o
LOAD ./system/src/stm32f4-hal/stm32f4xx_hal_rcc_ex.o
LOAD ./system/src/stm32f4-hal/stm32f4xx_hal_tim.o
LOAD ./system/src/stm32f4-hal/stm32f4xx_hal_tim_ex.o
LOAD ./system/src/newlib/_cxx.o
LOAD ./system/src/newlib/_exit.o
LOAD ./system/src/newlib/_sbrk.o
LOAD ./system/src/newlib/_startup.o
LOAD ./system/src/newlib/_syscalls.o
LOAD ./system/src/newlib/assert.o
LOAD ./system/src/diag/Trace.o
LOAD ./system/src/diag/trace_impl.o
LOAD ./system/src/cortexm/_initialize_hardware.o
LOAD ./system/src/cortexm/_reset_hardware.o
LOAD ./system/src/cortexm/exception_handlers.o
LOAD ./system/src/cmsis/system_stm32f4xx.o
LOAD ./system/src/cmsis/vectors_stm32f4xx.o
LOAD ./src/Timer.o
LOAD ./src/_initialize_hardware.o
LOAD ./src/_write.o
LOAD ./src/main.o
LOAD ./src/stm32f4xx_hal_msp.o
LOAD ./src/stm32f4xx_it.o
LOAD c:/program files (x86)/gnu tools arm embedded/4.9 2015q2/bin/../lib/gcc/arm-none-eabi/4.9.3/../../../../arm-none-eabi/lib/armv7e-m\libstdc++_nano.a
LOAD c:/program files (x86)/gnu tools arm embedded/4.9 2015q2/bin/../lib/gcc/arm-none-eabi/4.9.3/../../../../arm-none-eabi/lib/armv7e-m\libm.a
START GROUP
LOAD c:/program files (x86)/gnu tools arm embedded/4.9 2015q2/bin/../lib/gcc/arm-none-eabi/4.9.3/armv7e-m\libgcc.a
LOAD c:/program files (x86)/gnu tools arm embedded/4.9 2015q2/bin/../lib/gcc/arm-none-eabi/4.9.3/../../../../arm-none-eabi/lib/armv7e-m\libg_nano.a
LOAD c:/program files (x86)/gnu tools arm embedded/4.9 2015q2/bin/../lib/gcc/arm-none-eabi/4.9.3/../../../../arm-none-eabi/lib/armv7e-m\libc_nano.a
END GROUP
START GROUP
LOAD c:/program files (x86)/gnu tools arm embedded/4.9 2015q2/bin/../lib/gcc/arm-none-eabi/4.9.3/armv7e-m\libgcc.a
LOAD c:/program files (x86)/gnu tools arm embedded/4.9 2015q2/bin/../lib/gcc/arm-none-eabi/4.9.3/../../../../arm-none-eabi/lib/armv7e-m\libc_nano.a
END GROUP
                0x20020000                __stack = (ORIGIN (RAM) + 0x20000)
                0x20020000                _estack = __stack
                0x00000400                __Main_Stack_Size = 0x400
                0x00000400                PROVIDE (_Main_Stack_Size, __Main_Stack_Size)
                0x2001fc00                __Main_Stack_Limit = (__stack - __Main_Stack_Size)
                0x2001fc00                PROVIDE (_Main_Stack_Limit, __Main_Stack_Limit)
                0x00000100                _Minimum_Stack_Size = 0x100
                0x200000ac                PROVIDE (_Heap_Begin, _end_noinit)
                0x2001fc00                PROVIDE (_Heap_Limit, (__stack - __Main_Stack_Size))

.isr_vector     0x08000000      0x330
 FILL mask 0xff
                0x08000000                __vectors_start = ABSOLUTE (.)
                0x08000000                __vectors_start__ = ABSOLUTE (.)
 *(.isr_vector)
 .isr_vector    0x08000000      0x188 ./system/src/cmsis/vectors_stm32f4xx.o
                0x08000000                __isr_vectors
 *(.cfmconfig)
 *(.after_vectors .after_vectors.*)
 .after_vectors
                0x08000188      0x130 ./system/src/newlib/_startup.o
                0x08000188                _start
 .after_vectors
                0x080002b8       0x74 ./system/src/cortexm/exception_handlers.o
                0x080002b8                Reset_Handler
                0x080002c0                NMI_Handler
                0x080002c4                HardFault_Handler
                0x080002d8                HardFault_Handler_C
                0x080002dc                MemManage_Handler
                0x080002e0                BusFault_Handler
                0x080002f4                BusFault_Handler_C
                0x080002f8                UsageFault_Handler
                0x0800030c                UsageFault_Handler_C
                0x08000310                SVC_Handler
                0x08000314                DebugMon_Handler
                0x08000318                PendSV_Handler
 .after_vectors
                0x0800032c        0x4 ./system/src/cmsis/vectors_stm32f4xx.o
                0x0800032c                RTC_Alarm_IRQHandler
                0x0800032c                HASH_RNG_IRQHandler
                0x0800032c                EXTI2_IRQHandler
                0x0800032c                TIM8_CC_IRQHandler
                0x0800032c                TIM1_CC_IRQHandler
                0x0800032c                DMA2_Stream5_IRQHandler
                0x0800032c                DMA1_Stream5_IRQHandler
                0x0800032c                PVD_IRQHandler
                0x0800032c                SDIO_IRQHandler
                0x0800032c                TAMP_STAMP_IRQHandler
                0x0800032c                CAN2_RX1_IRQHandler
                0x0800032c                EXTI3_IRQHandler
                0x0800032c                TIM8_TRG_COM_TIM14_IRQHandler
                0x0800032c                TIM1_UP_TIM10_IRQHandler
                0x0800032c                TIM8_UP_TIM13_IRQHandler
                0x0800032c                I2C3_ER_IRQHandler
                0x0800032c                EXTI0_IRQHandler
                0x0800032c                I2C2_EV_IRQHandler
                0x0800032c                DMA1_Stream2_IRQHandler
                0x0800032c                CAN1_RX0_IRQHandler
                0x0800032c                FPU_IRQHandler
                0x0800032c                OTG_HS_WKUP_IRQHandler
                0x0800032c                CAN2_SCE_IRQHandler
                0x0800032c                DMA2_Stream2_IRQHandler
                0x0800032c                SPI1_IRQHandler
                0x0800032c                TIM6_DAC_IRQHandler
                0x0800032c                TIM1_BRK_TIM9_IRQHandler
                0x0800032c                DCMI_IRQHandler
                0x0800032c                CAN2_RX0_IRQHandler
                0x0800032c                DMA2_Stream3_IRQHandler
                0x0800032c                USART6_IRQHandler
                0x0800032c                USART3_IRQHandler
                0x0800032c                CRYP_IRQHandler
                0x0800032c                CAN1_RX1_IRQHandler
                0x0800032c                UART5_IRQHandler
                0x0800032c                DMA2_Stream0_IRQHandler
                0x0800032c                I2C1_EV_IRQHandler
                0x0800032c                DMA1_Stream6_IRQHandler
                0x0800032c                DMA1_Stream1_IRQHandler
                0x0800032c                UART4_IRQHandler
                0x0800032c                TIM3_IRQHandler
                0x0800032c                RCC_IRQHandler
                0x0800032c                TIM8_BRK_TIM12_IRQHandler
                0x0800032c                Default_Handler
                0x0800032c                EXTI15_10_IRQHandler
                0x0800032c                ADC_IRQHandler
                0x0800032c                DMA1_Stream7_IRQHandler
                0x0800032c                TIM7_IRQHandler
                0x0800032c                CAN2_TX_IRQHandler
                0x0800032c                TIM5_IRQHandler
                0x0800032c                DMA2_Stream7_IRQHandler
                0x0800032c                I2C3_EV_IRQHandler
                0x0800032c                EXTI9_5_IRQHandler
                0x0800032c                RTC_WKUP_IRQHandler
                0x0800032c                ETH_WKUP_IRQHandler
                0x0800032c                SPI2_IRQHandler
                0x0800032c                OTG_HS_EP1_IN_IRQHandler
                0x0800032c                DMA1_Stream0_IRQHandler
                0x0800032c                CAN1_TX_IRQHandler
                0x0800032c                EXTI4_IRQHandler
                0x0800032c                FSMC_IRQHandler
                0x0800032c                ETH_IRQHandler
                0x0800032c                OTG_HS_EP1_OUT_IRQHandler
                0x0800032c                WWDG_IRQHandler
                0x0800032c                TIM2_IRQHandler
                0x0800032c                OTG_FS_WKUP_IRQHandler
                0x0800032c                TIM1_TRG_COM_TIM11_IRQHandler
                0x0800032c                OTG_HS_IRQHandler
                0x0800032c                EXTI1_IRQHandler
                0x0800032c                USART2_IRQHandler
                0x0800032c                I2C2_ER_IRQHandler
                0x0800032c                DMA2_Stream1_IRQHandler
                0x0800032c                CAN1_SCE_IRQHandler
                0x0800032c                FLASH_IRQHandler
                0x0800032c                DMA2_Stream4_IRQHandler
                0x0800032c                USART1_IRQHandler
                0x0800032c                OTG_FS_IRQHandler
                0x0800032c                SPI3_IRQHandler
                0x0800032c                DMA1_Stream4_IRQHandler
                0x0800032c                I2C1_ER_IRQHandler
                0x0800032c                DMA2_Stream6_IRQHandler
                0x0800032c                DMA1_Stream3_IRQHandler

.inits          0x08000330       0x28
                0x08000330                __data_regions_array_start = .
                0x08000330        0x4 LONG 0x8001fc0 LOADADDR (.data)
                0x08000334        0x4 LONG 0x20000000 ADDR (.data)
                0x08000338        0x4 LONG 0x20000024 (ADDR (.data) + SIZEOF (.data))
                0x0800033c        0x4 LONG 0x8001fc0 LOADADDR (.data_CCMRAM)
                0x08000340        0x4 LONG 0x10000000 ADDR (.data_CCMRAM)
                0x08000344        0x4 LONG 0x10000000 (ADDR (.data_CCMRAM) + SIZEOF (.data_CCMRAM))
                0x08000348                __data_regions_array_end = .
                0x08000348                __bss_regions_array_start = .
                0x08000348        0x4 LONG 0x20000024 ADDR (.bss)
                0x0800034c        0x4 LONG 0x200000ac (ADDR (.bss) + SIZEOF (.bss))
                0x08000350        0x4 LONG 0x10000000 ADDR (.bss_CCMRAM)
                0x08000354        0x4 LONG 0x10000000 (ADDR (.bss_CCMRAM) + SIZEOF (.bss_CCMRAM))
                0x08000358                __bss_regions_array_end = .
 *(.init)
 *(.fini)
                0x08000358                . = ALIGN (0x4)
                0x08000358                PROVIDE (__preinit_array_start, .)
 *(.preinit_array_sysinit .preinit_array_sysinit.*)
 *(.preinit_array_platform .preinit_array_platform.*)
 *(.preinit_array .preinit_array.*)
                0x08000358                PROVIDE (__preinit_array_end, .)
                0x08000358                . = ALIGN (0x4)
                0x08000358                PROVIDE (__init_array_start, .)
 *(SORT(.init_array.*))
 *(.init_array)
                0x08000358                PROVIDE (__init_array_end, .)
                0x08000358                . = ALIGN (0x4)
                0x08000358                PROVIDE (__fini_array_start, .)
 *(SORT(.fini_array.*))
 *(.fini_array)
                0x08000358                PROVIDE (__fini_array_end, .)

.flashtext
 *(.flashtext .flashtext.*)

.text           0x08000358     0x1c68
 *(.text .text.*)
 .text.HAL_InitTick
                0x08000358       0x28 ./system/src/stm32f4-hal/stm32f4xx_hal.o
                0x08000358                HAL_InitTick
 .text.HAL_Init
                0x08000380       0x34 ./system/src/stm32f4-hal/stm32f4xx_hal.o
                0x08000380                HAL_Init
 .text.HAL_IncTick
                0x080003b4       0x10 ./system/src/stm32f4-hal/stm32f4xx_hal.o
                0x080003b4                HAL_IncTick
 .text.HAL_GetTick
                0x080003c4        0xc ./system/src/stm32f4-hal/stm32f4xx_hal.o
                0x080003c4                HAL_GetTick
 .text.HAL_NVIC_SetPriorityGrouping
                0x080003d0       0x3c ./system/src/stm32f4-hal/stm32f4xx_hal_cortex.o
                0x080003d0                HAL_NVIC_SetPriorityGrouping
 .text.HAL_NVIC_SetPriority
                0x0800040c       0x84 ./system/src/stm32f4-hal/stm32f4xx_hal_cortex.o
                0x0800040c                HAL_NVIC_SetPriority
 .text.HAL_SYSTICK_Config
                0x08000490       0x2c ./system/src/stm32f4-hal/stm32f4xx_hal_cortex.o
                0x08000490                HAL_SYSTICK_Config
 .text.HAL_SYSTICK_CLKSourceConfig
                0x080004bc       0x38 ./system/src/stm32f4-hal/stm32f4xx_hal_cortex.o
                0x080004bc                HAL_SYSTICK_CLKSourceConfig
 .text.HAL_SYSTICK_Callback
                0x080004f4        0x4 ./system/src/stm32f4-hal/stm32f4xx_hal_cortex.o
                0x080004f4                HAL_SYSTICK_Callback
 .text.HAL_SYSTICK_IRQHandler
                0x080004f8        0x8 ./system/src/stm32f4-hal/stm32f4xx_hal_cortex.o
                0x080004f8                HAL_SYSTICK_IRQHandler
 .text.HAL_GPIO_Init
                0x08000500      0x328 ./system/src/stm32f4-hal/stm32f4xx_hal_gpio.o
                0x08000500                HAL_GPIO_Init
 .text.HAL_RCC_OscConfig
                0x08000828      0x4b4 ./system/src/stm32f4-hal/stm32f4xx_hal_rcc.o
                0x08000828                HAL_RCC_OscConfig
 .text.HAL_RCC_ClockConfig
                0x08000cdc      0x368 ./system/src/stm32f4-hal/stm32f4xx_hal_rcc.o
                0x08000cdc                HAL_RCC_ClockConfig
 .text.HAL_RCC_GetSysClockFreq
                0x08001044       0x98 ./system/src/stm32f4-hal/stm32f4xx_hal_rcc.o
                0x08001044                HAL_RCC_GetSysClockFreq
 .text.HAL_RCC_GetHCLKFreq
                0x080010dc       0x38 ./system/src/stm32f4-hal/stm32f4xx_hal_rcc.o
                0x080010dc                HAL_RCC_GetHCLKFreq
 .text.TIM_OC1_SetConfig
                0x08001114       0x64 ./system/src/stm32f4-hal/stm32f4xx_hal_tim.o
 .text.TIM_OC3_SetConfig
                0x08001178       0xb4 ./system/src/stm32f4-hal/stm32f4xx_hal_tim.o
 .text.TIM_OC4_SetConfig
                0x0800122c       0x7c ./system/src/stm32f4-hal/stm32f4xx_hal_tim.o
 .text.HAL_TIM_PWM_MspInit
                0x080012a8        0x4 ./system/src/stm32f4-hal/stm32f4xx_hal_tim.o
                0x080012a8                HAL_TIM_PWM_MspInit
 .text.HAL_TIM_PeriodElapsedCallback
                0x080012ac        0x4 ./system/src/stm32f4-hal/stm32f4xx_hal_tim.o
                0x080012ac                HAL_TIM_PeriodElapsedCallback
 .text.HAL_TIM_OC_DelayElapsedCallback
                0x080012b0        0x4 ./system/src/stm32f4-hal/stm32f4xx_hal_tim.o
                0x080012b0                HAL_TIM_OC_DelayElapsedCallback
 .text.HAL_TIM_IC_CaptureCallback
                0x080012b4        0x4 ./system/src/stm32f4-hal/stm32f4xx_hal_tim.o
                0x080012b4                HAL_TIM_IC_CaptureCallback
 .text.HAL_TIM_PWM_PulseFinishedCallback
                0x080012b8        0x4 ./system/src/stm32f4-hal/stm32f4xx_hal_tim.o
                0x080012b8                HAL_TIM_PWM_PulseFinishedCallback
 .text.HAL_TIM_TriggerCallback
                0x080012bc        0x4 ./system/src/stm32f4-hal/stm32f4xx_hal_tim.o
                0x080012bc                HAL_TIM_TriggerCallback
 .text.HAL_TIM_IRQHandler
                0x080012c0      0x174 ./system/src/stm32f4-hal/stm32f4xx_hal_tim.o
                0x080012c0                HAL_TIM_IRQHandler
 .text.TIM_Base_SetConfig
                0x08001434      0x11c ./system/src/stm32f4-hal/stm32f4xx_hal_tim.o
                0x08001434                TIM_Base_SetConfig
 .text.HAL_TIM_PWM_Init
                0x08001550       0xf4 ./system/src/stm32f4-hal/stm32f4xx_hal_tim.o
                0x08001550                HAL_TIM_PWM_Init
 .text.TIM_OC2_SetConfig
                0x08001644       0xb8 ./system/src/stm32f4-hal/stm32f4xx_hal_tim.o
                0x08001644                TIM_OC2_SetConfig
 .text.HAL_TIM_PWM_ConfigChannel
                0x080016fc      0x2ac ./system/src/stm32f4-hal/stm32f4xx_hal_tim.o
                0x080016fc                HAL_TIM_PWM_ConfigChannel
 .text.TIM_CCxChannelCmd
                0x080019a8       0xa8 ./system/src/stm32f4-hal/stm32f4xx_hal_tim.o
                0x080019a8                TIM_CCxChannelCmd
 .text.HAL_TIM_PWM_Start_IT
                0x08001a50      0x124 ./system/src/stm32f4-hal/stm32f4xx_hal_tim.o
                0x08001a50                HAL_TIM_PWM_Start_IT
 .text.HAL_TIMEx_CommutationCallback
                0x08001b74        0x4 ./system/src/stm32f4-hal/stm32f4xx_hal_tim_ex.o
                0x08001b74                HAL_TIMEx_CommutationCallback
 .text.HAL_TIMEx_BreakCallback
                0x08001b78        0x4 ./system/src/stm32f4-hal/stm32f4xx_hal_tim_ex.o
                0x08001b78                HAL_TIMEx_BreakCallback
 .text._exit    0x08001b7c        0x4 ./system/src/newlib/_exit.o
                0x08001b7c                _exit
 .text.abort    0x08001b80        0x8 ./system/src/newlib/_exit.o
                0x08001b80                abort
 .text.__initialize_args
                0x08001b88       0x10 ./system/src/newlib/_syscalls.o
                0x08001b88                __initialize_args
 .text.assert_failed
                0x08001b98        0x8 ./system/src/newlib/assert.o
                0x08001b98                assert_failed
 .text.__initialize_hardware_early
                0x08001ba0        0x8 ./system/src/cortexm/_initialize_hardware.o
                0x08001ba0                __initialize_hardware_early
 .text.SystemInit
                0x08001ba8       0x40 ./system/src/cmsis/system_stm32f4xx.o
                0x08001ba8                SystemInit
 .text.SystemCoreClockUpdate
                0x08001be8       0xa4 ./system/src/cmsis/system_stm32f4xx.o
                0x08001be8                SystemCoreClockUpdate
 .text.ws2812Init
                0x08001c8c       0xfc ./src/Timer.o
                0x08001c8c                ws2812Init
 .text.SystemClock_Config
                0x08001d88       0x90 ./src/Timer.o
                0x08001d88                SystemClock_Config
 .text.Modify_PWM
                0x08001e18        0xc ./src/Timer.o
                0x08001e18                Modify_PWM
 .text.TIM4_IRQHandler
                0x08001e24       0x70 ./src/Timer.o
                0x08001e24                TIM4_IRQHandler
 .text.__initialize_hardware
                0x08001e94       0x10 ./src/_initialize_hardware.o
                0x08001e94                __initialize_hardware
 .text.main     0x08001ea4       0x24 ./src/main.o
                0x08001ea4                main
 .text.HAL_MspInit
                0x08001ec8       0x18 ./src/stm32f4xx_hal_msp.o
                0x08001ec8                HAL_MspInit
 .text.SysTick_Handler
                0x08001ee0        0xc ./src/stm32f4xx_it.o
                0x08001ee0                SysTick_Handler
 *(.rodata .rodata.* .constdata .constdata.*)
 .rodata.str1.4
                0x08001eec       0x31 ./system/src/stm32f4-hal/stm32f4xx_hal_cortex.o
 *fill*         0x08001f1d        0x3 
 .rodata.str1.4
                0x08001f20       0x2f ./system/src/stm32f4-hal/stm32f4xx_hal_gpio.o
 *fill*         0x08001f4f        0x1 
 .rodata.APBAHBPrescTable
                0x08001f50       0x10 ./system/src/stm32f4-hal/stm32f4xx_hal_rcc.o
                0x08001f50                APBAHBPrescTable
 .rodata.str1.4
                0x08001f60       0x2e ./system/src/stm32f4-hal/stm32f4xx_hal_rcc.o
 *fill*         0x08001f8e        0x2 
 .rodata.str1.4
                0x08001f90       0x30 ./system/src/stm32f4-hal/stm32f4xx_hal_tim.o
                                 0x2e (size before relaxing)
 *(vtable)
 *(.eh_frame*)
 *(.glue_7)
 .glue_7        0x00000000        0x0 linker stubs
 *(.glue_7t)
 .glue_7t       0x00000000        0x0 linker stubs

.vfp11_veneer   0x08001fc0        0x0
 .vfp11_veneer  0x00000000        0x0 linker stubs

.v4_bx          0x08001fc0        0x0
 .v4_bx         0x00000000        0x0 linker stubs

.iplt           0x08001fc0        0x0
 .iplt          0x00000000        0x0 ./system/src/stm32f4-hal/stm32f4xx_hal.o

.rel.dyn        0x08001fc0        0x0
 .rel.iplt      0x00000000        0x0 ./system/src/stm32f4-hal/stm32f4xx_hal.o

.ARM.extab
 *(.ARM.extab* .gnu.linkonce.armextab.*)
                0x08001fc0                . = ALIGN (0x4)
                0x08001fc0                __exidx_start = .

.ARM.exidx
 *(.ARM.exidx* .gnu.linkonce.armexidx.*)
                0x08001fc0                __exidx_end = .
                0x08001fc0                . = ALIGN (0x4)
                0x08001fc0                _etext = .
                0x08001fc0                __etext = .

.data_CCMRAM    0x10000000        0x0 load address 0x08001fc0
 FILL mask 0xff
 *(.data.CCMRAM .data.CCMRAM.*)
                0x10000000                . = ALIGN (0x4)
                0x08001fc0                _sidata = LOADADDR (.data)

.data           0x20000000       0x24 load address 0x08001fc0
 FILL mask 0xff
                0x20000000                _sdata = .
                0x20000000                __data_start__ = .
 *(.data_begin .data_begin.*)
 .data_begin    0x20000000        0x4 ./system/src/newlib/_startup.o
 *(.data .data.*)
 .data.argv.4157
                0x20000004        0x8 ./system/src/newlib/_syscalls.o
 .data.AHBPrescTable
                0x2000000c       0x10 ./system/src/cmsis/system_stm32f4xx.o
                0x2000000c                AHBPrescTable
 .data.SystemCoreClock
                0x2000001c        0x4 ./system/src/cmsis/system_stm32f4xx.o
                0x2000001c                SystemCoreClock
 *(.data_end .data_end.*)
 .data_end      0x20000020        0x4 ./system/src/newlib/_startup.o
                0x20000024                . = ALIGN (0x4)
                0x20000024                _edata = .
                0x20000024                __data_end__ = .

.igot.plt       0x20000024        0x0 load address 0x08001fe4
 .igot.plt      0x00000000        0x0 ./system/src/stm32f4-hal/stm32f4xx_hal.o

.bss_CCMRAM     0x10000000        0x0
 *(.bss.CCMRAM .bss.CCMRAM.*)

.bss            0x20000024       0x88
                0x20000024                __bss_start__ = .
                0x20000024                _sbss = .
 *(.bss_begin .bss_begin.*)
 .bss_begin     0x20000024        0x4 ./system/src/newlib/_startup.o
 *(.bss .bss.*)
 .bss.uwTick    0x20000028        0x4 ./system/src/stm32f4-hal/stm32f4xx_hal.o
 .bss.name.4156
                0x2000002c        0x1 ./system/src/newlib/_syscalls.o
 *fill*         0x2000002d        0x3 
 .bss.ResetCount
                0x20000030        0x4 ./src/Timer.o
 .bss.htim4     0x20000034       0x3c ./src/Timer.o
 .bss.PWMConfig
                0x20000070       0x1c ./src/Timer.o
 .bss.ResetFlag
                0x2000008c        0x4 ./src/Timer.o
 .bss.GPIO_InitStruct
                0x20000090       0x14 ./src/Timer.o
 .bss.CycleCount
                0x200000a4        0x4 ./src/Timer.o
 *(COMMON)
 *(.bss_end .bss_end.*)
 .bss_end       0x200000a8        0x4 ./system/src/newlib/_startup.o
                0x200000ac                . = ALIGN (0x4)
                0x200000ac                __bss_end__ = .
                0x200000ac                _ebss = .

.noinit_CCMRAM
 *(.noinit.CCMRAM .noinit.CCMRAM.*)

.noinit         0x200000ac        0x0
                0x200000ac                _noinit = .
 *(.noinit .noinit.*)
                0x200000ac                . = ALIGN (0x4)
                0x200000ac                _end_noinit = .
                0x200000ac                PROVIDE (end, _end_noinit)
                0x200000ac                PROVIDE (_end, _end_noinit)
                0x200000ac                PROVIDE (__end, _end_noinit)
                0x200000ac                PROVIDE (__end__, _end_noinit)

._check_stack   0x200000ac      0x100
                0x200001ac                . = (. + _Minimum_Stack_Size)
 *fill*         0x200000ac      0x100 

.b1text
 *(.b1text)
 *(.b1rodata)
 *(.b1rodata.*)

.eb0text
 *(.eb0text)
 *(.eb0rodata)
 *(.eb0rodata.*)

.eb1text
 *(.eb1text)
 *(.eb1rodata)
 *(.eb1rodata.*)

.eb2text
 *(.eb2text)
 *(.eb2rodata)
 *(.eb2rodata.*)

.eb3text
 *(.eb3text)
 *(.eb3rodata)
 *(.eb3rodata.*)

.stab
 *(.stab)

.stabstr
 *(.stabstr)

.stab.excl
 *(.stab.excl)

.stab.exclstr
 *(.stab.exclstr)

.stab.index
 *(.stab.index)

.stab.indexstr
 *(.stab.indexstr)

.comment        0x00000000       0x70
 *(.comment)
 .comment       0x00000000       0x70 ./system/src/stm32f4-hal/stm32f4xx_hal.o
                                 0x71 (size before relaxing)
 .comment       0x00000000       0x71 ./system/src/stm32f4-hal/stm32f4xx_hal_cortex.o
 .comment       0x00000000       0x71 ./system/src/stm32f4-hal/stm32f4xx_hal_gpio.o
 .comment       0x00000000       0x71 ./system/src/stm32f4-hal/stm32f4xx_hal_rcc.o
 .comment       0x00000000       0x71 ./system/src/stm32f4-hal/stm32f4xx_hal_tim.o
 .comment       0x00000000       0x71 ./system/src/stm32f4-hal/stm32f4xx_hal_tim_ex.o
 .comment       0x00000000       0x71 ./system/src/newlib/_exit.o
 .comment       0x00000000       0x71 ./system/src/newlib/_startup.o
 .comment       0x00000000       0x71 ./system/src/newlib/_syscalls.o
 .comment       0x00000000       0x71 ./system/src/newlib/assert.o
 .comment       0x00000000       0x71 ./system/src/cortexm/_initialize_hardware.o
 .comment       0x00000000       0x71 ./system/src/cortexm/exception_handlers.o
 .comment       0x00000000       0x71 ./system/src/cmsis/system_stm32f4xx.o
 .comment       0x00000000       0x71 ./system/src/cmsis/vectors_stm32f4xx.o
 .comment       0x00000000       0x71 ./src/Timer.o
 .comment       0x00000000       0x71 ./src/_initialize_hardware.o
 .comment       0x00000000       0x71 ./src/main.o
 .comment       0x00000000       0x71 ./src/stm32f4xx_hal_msp.o
 .comment       0x00000000       0x71 ./src/stm32f4xx_it.o

.ARM.attributes
                0x00000000       0x33
 .ARM.attributes
                0x00000000       0x33 ./system/src/stm32f4-hal/stm32f4xx_hal.o
 .ARM.attributes
                0x00000033       0x33 ./system/src/stm32f4-hal/stm32f4xx_hal_cortex.o
 .ARM.attributes
                0x00000066       0x33 ./system/src/stm32f4-hal/stm32f4xx_hal_gpio.o
 .ARM.attributes
                0x00000099       0x33 ./system/src/stm32f4-hal/stm32f4xx_hal_rcc.o
 .ARM.attributes
                0x000000cc       0x33 ./system/src/stm32f4-hal/stm32f4xx_hal_tim.o
 .ARM.attributes
                0x000000ff       0x33 ./system/src/stm32f4-hal/stm32f4xx_hal_tim_ex.o
 .ARM.attributes
                0x00000132       0x33 ./system/src/newlib/_exit.o
 .ARM.attributes
                0x00000165       0x33 ./system/src/newlib/_startup.o
 .ARM.attributes
                0x00000198       0x33 ./system/src/newlib/_syscalls.o
 .ARM.attributes
                0x000001cb       0x33 ./system/src/newlib/assert.o
 .ARM.attributes
                0x000001fe       0x33 ./system/src/cortexm/_initialize_hardware.o
 .ARM.attributes
                0x00000231       0x33 ./system/src/cortexm/exception_handlers.o
 .ARM.attributes
                0x00000264       0x33 ./system/src/cmsis/system_stm32f4xx.o
 .ARM.attributes
                0x00000297       0x33 ./system/src/cmsis/vectors_stm32f4xx.o
 .ARM.attributes
                0x000002ca       0x33 ./src/Timer.o
 .ARM.attributes
                0x000002fd       0x33 ./src/_initialize_hardware.o
 .ARM.attributes
                0x00000330       0x33 ./src/main.o
 .ARM.attributes
                0x00000363       0x33 ./src/stm32f4xx_hal_msp.o
 .ARM.attributes
                0x00000396       0x33 ./src/stm32f4xx_it.o

.debug
 *(.debug)

.line
 *(.line)

.debug_srcinfo
 *(.debug_srcinfo)

.debug_sfnames
 *(.debug_sfnames)

.debug_aranges  0x00000000      0x958
 *(.debug_aranges)
 .debug_aranges
                0x00000000       0xc0 ./system/src/stm32f4-hal/stm32f4xx_hal.o
 .debug_aranges
                0x000000c0       0x90 ./system/src/stm32f4-hal/stm32f4xx_hal_cortex.o
 .debug_aranges
                0x00000150       0x58 ./system/src/stm32f4-hal/stm32f4xx_hal_gpio.o
 .debug_aranges
                0x000001a8       0x88 ./system/src/stm32f4-hal/stm32f4xx_hal_rcc.o
 .debug_aranges
                0x00000230      0x368 ./system/src/stm32f4-hal/stm32f4xx_hal_tim.o
 .debug_aranges
                0x00000598      0x140 ./system/src/stm32f4-hal/stm32f4xx_hal_tim_ex.o
 .debug_aranges
                0x000006d8       0x28 ./system/src/newlib/_exit.o
 .debug_aranges
                0x00000700       0x40 ./system/src/newlib/_startup.o
 .debug_aranges
                0x00000740       0x30 ./system/src/newlib/_syscalls.o
 .debug_aranges
                0x00000770       0x28 ./system/src/newlib/assert.o
 .debug_aranges
                0x00000798       0x28 ./system/src/cortexm/_initialize_hardware.o
 .debug_aranges
                0x000007c0       0x80 ./system/src/cortexm/exception_handlers.o
 .debug_aranges
                0x00000840       0x28 ./system/src/cmsis/system_stm32f4xx.o
 .debug_aranges
                0x00000868       0x20 ./system/src/cmsis/vectors_stm32f4xx.o
 .debug_aranges
                0x00000888       0x38 ./src/Timer.o
 .debug_aranges
                0x000008c0       0x28 ./src/_initialize_hardware.o
 .debug_aranges
                0x000008e8       0x20 ./src/main.o
 .debug_aranges
                0x00000908       0x30 ./src/stm32f4xx_hal_msp.o
 .debug_aranges
                0x00000938       0x20 ./src/stm32f4xx_it.o

.debug_pubnames
 *(.debug_pubnames)

.debug_info     0x00000000     0xcb0d
 *(.debug_info .gnu.linkonce.wi.*)
 .debug_info    0x00000000      0x9bc ./system/src/stm32f4-hal/stm32f4xx_hal.o
 .debug_info    0x000009bc      0xe4e ./system/src/stm32f4-hal/stm32f4xx_hal_cortex.o
 .debug_info    0x0000180a      0x86b ./system/src/stm32f4-hal/stm32f4xx_hal_gpio.o
 .debug_info    0x00002075     0x1339 ./system/src/stm32f4-hal/stm32f4xx_hal_rcc.o
 .debug_info    0x000033ae     0x4318 ./system/src/stm32f4-hal/stm32f4xx_hal_tim.o
 .debug_info    0x000076c6     0x18ee ./system/src/stm32f4-hal/stm32f4xx_hal_tim_ex.o
 .debug_info    0x00008fb4       0xee ./system/src/newlib/_exit.o
 .debug_info    0x000090a2      0x50f ./system/src/newlib/_startup.o
 .debug_info    0x000095b1      0x1a9 ./system/src/newlib/_syscalls.o
 .debug_info    0x0000975a      0x168 ./system/src/newlib/assert.o
 .debug_info    0x000098c2       0xed ./system/src/cortexm/_initialize_hardware.o
 .debug_info    0x000099af      0x2a2 ./system/src/cortexm/exception_handlers.o
 .debug_info    0x00009c51      0x4aa ./system/src/cmsis/system_stm32f4xx.o
 .debug_info    0x0000a0fb       0xd4 ./system/src/cmsis/vectors_stm32f4xx.o
 .debug_info    0x0000a1cf     0x121d ./src/Timer.o
 .debug_info    0x0000b3ec      0x554 ./src/_initialize_hardware.o
 .debug_info    0x0000b940      0x507 ./src/main.o
 .debug_info    0x0000be47      0xbef ./src/stm32f4xx_hal_msp.o
 .debug_info    0x0000ca36       0xd7 ./src/stm32f4xx_it.o

.debug_abbrev   0x00000000     0x1e5e
 *(.debug_abbrev)
 .debug_abbrev  0x00000000      0x275 ./system/src/stm32f4-hal/stm32f4xx_hal.o
 .debug_abbrev  0x00000275      0x2d7 ./system/src/stm32f4-hal/stm32f4xx_hal_cortex.o
 .debug_abbrev  0x0000054c      0x209 ./system/src/stm32f4-hal/stm32f4xx_hal_gpio.o
 .debug_abbrev  0x00000755      0x2cc ./system/src/stm32f4-hal/stm32f4xx_hal_rcc.o
 .debug_abbrev  0x00000a21      0x252 ./system/src/stm32f4-hal/stm32f4xx_hal_tim.o
 .debug_abbrev  0x00000c73      0x22c ./system/src/stm32f4-hal/stm32f4xx_hal_tim_ex.o
 .debug_abbrev  0x00000e9f       0xb7 ./system/src/newlib/_exit.o
 .debug_abbrev  0x00000f56      0x211 ./system/src/newlib/_startup.o
 .debug_abbrev  0x00001167       0xe7 ./system/src/newlib/_syscalls.o
 .debug_abbrev  0x0000124e       0xb6 ./system/src/newlib/assert.o
 .debug_abbrev  0x00001304       0x88 ./system/src/cortexm/_initialize_hardware.o
 .debug_abbrev  0x0000138c      0x127 ./system/src/cortexm/exception_handlers.o
 .debug_abbrev  0x000014b3      0x104 ./system/src/cmsis/system_stm32f4xx.o
 .debug_abbrev  0x000015b7       0x9d ./system/src/cmsis/vectors_stm32f4xx.o
 .debug_abbrev  0x00001654      0x295 ./src/Timer.o
 .debug_abbrev  0x000018e9      0x1c4 ./src/_initialize_hardware.o
 .debug_abbrev  0x00001aad      0x185 ./src/main.o
 .debug_abbrev  0x00001c32      0x1a4 ./src/stm32f4xx_hal_msp.o
 .debug_abbrev  0x00001dd6       0x88 ./src/stm32f4xx_it.o

.debug_line     0x00000000     0xd582
 *(.debug_line)
 .debug_line    0x00000000      0xacd ./system/src/stm32f4-hal/stm32f4xx_hal.o
 .debug_line    0x00000acd      0xb1e ./system/src/stm32f4-hal/stm32f4xx_hal_cortex.o
 .debug_line    0x000015eb      0xc58 ./system/src/stm32f4-hal/stm32f4xx_hal_gpio.o
 .debug_line    0x00002243      0xe43 ./system/src/stm32f4-hal/stm32f4xx_hal_rcc.o
 .debug_line    0x00003086     0x3647 ./system/src/stm32f4-hal/stm32f4xx_hal_tim.o
 .debug_line    0x000066cd     0x140f ./system/src/stm32f4-hal/stm32f4xx_hal_tim_ex.o
 .debug_line    0x00007adc      0x2cd ./system/src/newlib/_exit.o
 .debug_line    0x00007da9      0x341 ./system/src/newlib/_startup.o
 .debug_line    0x000080ea      0x3aa ./system/src/newlib/_syscalls.o
 .debug_line    0x00008494      0x2f2 ./system/src/newlib/assert.o
 .debug_line    0x00008786      0x967 ./system/src/cortexm/_initialize_hardware.o
 .debug_line    0x000090ed      0xa54 ./system/src/cortexm/exception_handlers.o
 .debug_line    0x00009b41      0x968 ./system/src/cmsis/system_stm32f4xx.o
 .debug_line    0x0000a4a9      0x108 ./system/src/cmsis/vectors_stm32f4xx.o
 .debug_line    0x0000a5b1      0x9cc ./src/Timer.o
 .debug_line    0x0000af7d      0x961 ./src/_initialize_hardware.o
 .debug_line    0x0000b8de      0x9c6 ./src/main.o
 .debug_line    0x0000c2a4      0x981 ./src/stm32f4xx_hal_msp.o
 .debug_line    0x0000cc25      0x95d ./src/stm32f4xx_it.o

.debug_frame    0x00000000     0x17d4
 *(.debug_frame)
 .debug_frame   0x00000000      0x188 ./system/src/stm32f4-hal/stm32f4xx_hal.o
 .debug_frame   0x00000188      0x164 ./system/src/stm32f4-hal/stm32f4xx_hal_cortex.o
 .debug_frame   0x000002ec       0xfc ./system/src/stm32f4-hal/stm32f4xx_hal_gpio.o
 .debug_frame   0x000003e8      0x144 ./system/src/stm32f4-hal/stm32f4xx_hal_rcc.o
 .debug_frame   0x0000052c      0xa88 ./system/src/stm32f4-hal/stm32f4xx_hal_tim.o
 .debug_frame   0x00000fb4      0x3e4 ./system/src/stm32f4-hal/stm32f4xx_hal_tim_ex.o
 .debug_frame   0x00001398       0x38 ./system/src/newlib/_exit.o
 .debug_frame   0x000013d0       0x7c ./system/src/newlib/_startup.o
 .debug_frame   0x0000144c       0x50 ./system/src/newlib/_syscalls.o
 .debug_frame   0x0000149c       0x40 ./system/src/newlib/assert.o
 .debug_frame   0x000014dc       0x40 ./system/src/cortexm/_initialize_hardware.o
 .debug_frame   0x0000151c       0xe8 ./system/src/cortexm/exception_handlers.o
 .debug_frame   0x00001604       0x30 ./system/src/cmsis/system_stm32f4xx.o
 .debug_frame   0x00001634       0x20 ./system/src/cmsis/vectors_stm32f4xx.o
 .debug_frame   0x00001654       0x84 ./src/Timer.o
 .debug_frame   0x000016d8       0x48 ./src/_initialize_hardware.o
 .debug_frame   0x00001720       0x28 ./src/main.o
 .debug_frame   0x00001748       0x64 ./src/stm32f4xx_hal_msp.o
 .debug_frame   0x000017ac       0x28 ./src/stm32f4xx_it.o

.debug_str      0x00000000    0x9f9fc
 *(.debug_str)
 .debug_str     0x00000000    0x9ae40 ./system/src/stm32f4-hal/stm32f4xx_hal.o
                              0x9b245 (size before relaxing)
 .debug_str     0x0009ae40      0x2ad ./system/src/stm32f4-hal/stm32f4xx_hal_cortex.o
                              0x9af97 (size before relaxing)
 .debug_str     0x0009b0ed      0x2e0 ./system/src/stm32f4-hal/stm32f4xx_hal_gpio.o
                              0x9aaa1 (size before relaxing)
 .debug_str     0x0009b3cd      0x393 ./system/src/stm32f4-hal/stm32f4xx_hal_rcc.o
                              0x9ac54 (size before relaxing)
 .debug_str     0x0009b760     0x10f9 ./system/src/stm32f4-hal/stm32f4xx_hal_tim.o
                              0x9b894 (size before relaxing)
 .debug_str     0x0009c859      0x4e2 ./system/src/stm32f4-hal/stm32f4xx_hal_tim_ex.o
                              0x9b14c (size before relaxing)
 .debug_str     0x0009cd3b      0xeeb ./system/src/newlib/_exit.o
                               0x5e8c (size before relaxing)
 .debug_str     0x0009dc26      0x2cc ./system/src/newlib/_startup.o
                               0x423c (size before relaxing)
 .debug_str     0x0009def2     0x15e3 ./system/src/newlib/_syscalls.o
                               0x65f8 (size before relaxing)
 .debug_str     0x0009f4d5       0xdc ./system/src/newlib/assert.o
                               0x699c (size before relaxing)
 .debug_str     0x0009f5b1       0x67 ./system/src/cortexm/_initialize_hardware.o
                              0x9a6ca (size before relaxing)
 .debug_str     0x0009f618      0x1ce ./system/src/cortexm/exception_handlers.o
                              0x9b603 (size before relaxing)
 .debug_str     0x0009f7e6       0x46 ./system/src/cmsis/system_stm32f4xx.o
                              0x9a83d (size before relaxing)
 .debug_str     0x0009f82c       0x57 ./system/src/cmsis/vectors_stm32f4xx.o
                               0x3090 (size before relaxing)
 .debug_str     0x0009f883      0x100 ./src/Timer.o
                              0x9b546 (size before relaxing)
 .debug_str     0x0009f983       0x1e ./src/_initialize_hardware.o
                              0x9a973 (size before relaxing)
 .debug_str     0x0009f9a1       0x20 ./src/main.o
                              0x9bb42 (size before relaxing)
 .debug_str     0x0009f9c1       0x25 ./src/stm32f4xx_hal_msp.o
                              0x9b26c (size before relaxing)
 .debug_str     0x0009f9e6       0x16 ./src/stm32f4xx_it.o
                              0x9a708 (size before relaxing)

.debug_loc      0x00000000     0x4d3d
 *(.debug_loc)
 .debug_loc     0x00000000       0xb6 ./system/src/stm32f4-hal/stm32f4xx_hal.o
 .debug_loc     0x000000b6      0x5ef ./system/src/stm32f4-hal/stm32f4xx_hal_cortex.o
 .debug_loc     0x000006a5      0x488 ./system/src/stm32f4-hal/stm32f4xx_hal_gpio.o
 .debug_loc     0x00000b2d      0x7f4 ./system/src/stm32f4-hal/stm32f4xx_hal_rcc.o
 .debug_loc     0x00001321     0x273f ./system/src/stm32f4-hal/stm32f4xx_hal_tim.o
 .debug_loc     0x00003a60      0xc76 ./system/src/stm32f4-hal/stm32f4xx_hal_tim_ex.o
 .debug_loc     0x000046d6      0x36e ./system/src/newlib/_startup.o
 .debug_loc     0x00004a44       0x63 ./system/src/newlib/_syscalls.o
 .debug_loc     0x00004aa7       0xc6 ./system/src/newlib/assert.o
 .debug_loc     0x00004b6d      0x137 ./system/src/cmsis/system_stm32f4xx.o
 .debug_loc     0x00004ca4       0x4c ./src/Timer.o
 .debug_loc     0x00004cf0       0x4d ./src/stm32f4xx_hal_msp.o

.debug_macinfo
 *(.debug_macinfo)

.debug_weaknames
 *(.debug_weaknames)

.debug_funcnames
 *(.debug_funcnames)

.debug_typenames
 *(.debug_typenames)

.debug_varnames
 *(.debug_varnames)
OUTPUT(Visage_LEDs_2.elf elf32-littlearm)

.debug_ranges   0x00000000      0x828
 .debug_ranges  0x00000000       0xb0 ./system/src/stm32f4-hal/stm32f4xx_hal.o
 .debug_ranges  0x000000b0       0x80 ./system/src/stm32f4-hal/stm32f4xx_hal_cortex.o
 .debug_ranges  0x00000130       0x48 ./system/src/stm32f4-hal/stm32f4xx_hal_gpio.o
 .debug_ranges  0x00000178       0x78 ./system/src/stm32f4-hal/stm32f4xx_hal_rcc.o
 .debug_ranges  0x000001f0      0x358 ./system/src/stm32f4-hal/stm32f4xx_hal_tim.o
 .debug_ranges  0x00000548      0x130 ./system/src/stm32f4-hal/stm32f4xx_hal_tim_ex.o
 .debug_ranges  0x00000678       0x18 ./system/src/newlib/_exit.o
 .debug_ranges  0x00000690       0x30 ./system/src/newlib/_startup.o
 .debug_ranges  0x000006c0       0x20 ./system/src/newlib/_syscalls.o
 .debug_ranges  0x000006e0       0x18 ./system/src/newlib/assert.o
 .debug_ranges  0x000006f8       0x18 ./system/src/cortexm/_initialize_hardware.o
 .debug_ranges  0x00000710       0x70 ./system/src/cortexm/exception_handlers.o
 .debug_ranges  0x00000780       0x18 ./system/src/cmsis/system_stm32f4xx.o
 .debug_ranges  0x00000798       0x10 ./system/src/cmsis/vectors_stm32f4xx.o
 .debug_ranges  0x000007a8       0x28 ./src/Timer.o
 .debug_ranges  0x000007d0       0x18 ./src/_initialize_hardware.o
 .debug_ranges  0x000007e8       0x10 ./src/main.o
 .debug_ranges  0x000007f8       0x20 ./src/stm32f4xx_hal_msp.o
 .debug_ranges  0x00000818       0x10 ./src/stm32f4xx_it.o

.debug_macro    0x00000000    0x1a466
 .debug_macro   0x00000000      0x492 ./system/src/stm32f4-hal/stm32f4xx_hal.o
 .debug_macro   0x00000492      0x88c ./system/src/stm32f4-hal/stm32f4xx_hal.o
 .debug_macro   0x00000d1e      0x250 ./system/src/stm32f4-hal/stm32f4xx_hal.o
 .debug_macro   0x00000f6e       0x2e ./system/src/stm32f4-hal/stm32f4xx_hal.o
 .debug_macro   0x00000f9c       0x28 ./system/src/stm32f4-hal/stm32f4xx_hal.o
 .debug_macro   0x00000fc4       0x3b ./system/src/stm32f4-hal/stm32f4xx_hal.o
 .debug_macro   0x00000fff      0x34e ./system/src/stm32f4-hal/stm32f4xx_hal.o
 .debug_macro   0x0000134d       0x2d ./system/src/stm32f4-hal/stm32f4xx_hal.o
 .debug_macro   0x0000137a       0x26 ./system/src/stm32f4-hal/stm32f4xx_hal.o
 .debug_macro   0x000013a0      0xd39 ./system/src/stm32f4-hal/stm32f4xx_hal.o
 .debug_macro   0x000020d9     0x9485 ./system/src/stm32f4-hal/stm32f4xx_hal.o
 .debug_macro   0x0000b55e       0x43 ./system/src/stm32f4-hal/stm32f4xx_hal.o
 .debug_macro   0x0000b5a1     0x296e ./system/src/stm32f4-hal/stm32f4xx_hal.o
 .debug_macro   0x0000df0f       0x58 ./system/src/stm32f4-hal/stm32f4xx_hal.o
 .debug_macro   0x0000df67       0x22 ./system/src/stm32f4-hal/stm32f4xx_hal.o
 .debug_macro   0x0000df89       0x35 ./system/src/stm32f4-hal/stm32f4xx_hal.o
 .debug_macro   0x0000dfbe       0x9c ./system/src/stm32f4-hal/stm32f4xx_hal.o
 .debug_macro   0x0000e05a       0x16 ./system/src/stm32f4-hal/stm32f4xx_hal.o
 .debug_macro   0x0000e070       0x4a ./system/src/stm32f4-hal/stm32f4xx_hal.o
 .debug_macro   0x0000e0ba       0x97 ./system/src/stm32f4-hal/stm32f4xx_hal.o
 .debug_macro   0x0000e151      0x27a ./system/src/stm32f4-hal/stm32f4xx_hal.o
 .debug_macro   0x0000e3cb       0xf6 ./system/src/stm32f4-hal/stm32f4xx_hal.o
 .debug_macro   0x0000e4c1       0x10 ./system/src/stm32f4-hal/stm32f4xx_hal.o
 .debug_macro   0x0000e4d1       0x52 ./system/src/stm32f4-hal/stm32f4xx_hal.o
 .debug_macro   0x0000e523       0x16 ./system/src/stm32f4-hal/stm32f4xx_hal.o
 .debug_macro   0x0000e539       0x43 ./system/src/stm32f4-hal/stm32f4xx_hal.o
 .debug_macro   0x0000e57c      0x180 ./system/src/stm32f4-hal/stm32f4xx_hal.o
 .debug_macro   0x0000e6fc       0x10 ./system/src/stm32f4-hal/stm32f4xx_hal.o
 .debug_macro   0x0000e70c       0x22 ./system/src/stm32f4-hal/stm32f4xx_hal.o
 .debug_macro   0x0000e72e       0x22 ./system/src/stm32f4-hal/stm32f4xx_hal.o
 .debug_macro   0x0000e750       0xbe ./system/src/stm32f4-hal/stm32f4xx_hal.o
 .debug_macro   0x0000e80e       0x16 ./system/src/stm32f4-hal/stm32f4xx_hal.o
 .debug_macro   0x0000e824      0x197 ./system/src/stm32f4-hal/stm32f4xx_hal.o
 .debug_macro   0x0000e9bb       0x57 ./system/src/stm32f4-hal/stm32f4xx_hal.o
 .debug_macro   0x0000ea12      0x486 ./system/src/stm32f4-hal/stm32f4xx_hal.o
 .debug_macro   0x0000ee98      0xbb0 ./system/src/stm32f4-hal/stm32f4xx_hal.o
 .debug_macro   0x0000fa48      0x11e ./system/src/stm32f4-hal/stm32f4xx_hal.o
 .debug_macro   0x0000fb66      0x13e ./system/src/stm32f4-hal/stm32f4xx_hal.o
 .debug_macro   0x0000fca4       0x27 ./system/src/stm32f4-hal/stm32f4xx_hal.o
 .debug_macro   0x0000fccb      0x272 ./system/src/stm32f4-hal/stm32f4xx_hal.o
 .debug_macro   0x0000ff3d       0x5f ./system/src/stm32f4-hal/stm32f4xx_hal.o
 .debug_macro   0x0000ff9c       0x5d ./system/src/stm32f4-hal/stm32f4xx_hal.o
 .debug_macro   0x0000fff9      0x31a ./system/src/stm32f4-hal/stm32f4xx_hal.o
 .debug_macro   0x00010313      0x15b ./system/src/stm32f4-hal/stm32f4xx_hal.o
 .debug_macro   0x0001046e       0xd6 ./system/src/stm32f4-hal/stm32f4xx_hal.o
 .debug_macro   0x00010544      0x360 ./system/src/stm32f4-hal/stm32f4xx_hal.o
 .debug_macro   0x000108a4       0x23 ./system/src/stm32f4-hal/stm32f4xx_hal.o
 .debug_macro   0x000108c7      0x122 ./system/src/stm32f4-hal/stm32f4xx_hal.o
 .debug_macro   0x000109e9       0x19 ./system/src/stm32f4-hal/stm32f4xx_hal.o
 .debug_macro   0x00010a02       0xe6 ./system/src/stm32f4-hal/stm32f4xx_hal.o
 .debug_macro   0x00010ae8       0xa1 ./system/src/stm32f4-hal/stm32f4xx_hal.o
 .debug_macro   0x00010b89       0x3c ./system/src/stm32f4-hal/stm32f4xx_hal.o
 .debug_macro   0x00010bc5      0x1af ./system/src/stm32f4-hal/stm32f4xx_hal.o
 .debug_macro   0x00010d74      0xda8 ./system/src/stm32f4-hal/stm32f4xx_hal.o
 .debug_macro   0x00011b1c      0x133 ./system/src/stm32f4-hal/stm32f4xx_hal.o
 .debug_macro   0x00011c4f      0x217 ./system/src/stm32f4-hal/stm32f4xx_hal.o
 .debug_macro   0x00011e66       0x2e ./system/src/stm32f4-hal/stm32f4xx_hal.o
 .debug_macro   0x00011e94      0x4ef ./system/src/stm32f4-hal/stm32f4xx_hal.o
 .debug_macro   0x00012383       0x88 ./system/src/stm32f4-hal/stm32f4xx_hal.o
 .debug_macro   0x0001240b       0xd5 ./system/src/stm32f4-hal/stm32f4xx_hal.o
 .debug_macro   0x000124e0      0x183 ./system/src/stm32f4-hal/stm32f4xx_hal.o
 .debug_macro   0x00012663       0xb9 ./system/src/stm32f4-hal/stm32f4xx_hal.o
 .debug_macro   0x0001271c       0x20 ./system/src/stm32f4-hal/stm32f4xx_hal.o
 .debug_macro   0x0001273c      0x17d ./system/src/stm32f4-hal/stm32f4xx_hal.o
 .debug_macro   0x000128b9       0x9e ./system/src/stm32f4-hal/stm32f4xx_hal.o
 .debug_macro   0x00012957      0x1a7 ./system/src/stm32f4-hal/stm32f4xx_hal.o
 .debug_macro   0x00012afe       0x43 ./system/src/stm32f4-hal/stm32f4xx_hal.o
 .debug_macro   0x00012b41       0x97 ./system/src/stm32f4-hal/stm32f4xx_hal.o
 .debug_macro   0x00012bd8      0x12c ./system/src/stm32f4-hal/stm32f4xx_hal.o
 .debug_macro   0x00012d04       0x71 ./system/src/stm32f4-hal/stm32f4xx_hal.o
 .debug_macro   0x00012d75       0x90 ./system/src/stm32f4-hal/stm32f4xx_hal.o
 .debug_macro   0x00012e05       0x7c ./system/src/stm32f4-hal/stm32f4xx_hal.o
 .debug_macro   0x00012e81      0x31a ./system/src/stm32f4-hal/stm32f4xx_hal.o
 .debug_macro   0x0001319b      0x409 ./system/src/stm32f4-hal/stm32f4xx_hal.o
 .debug_macro   0x000135a4       0xe4 ./system/src/stm32f4-hal/stm32f4xx_hal.o
 .debug_macro   0x00013688      0x48d ./system/src/stm32f4-hal/stm32f4xx_hal.o
 .debug_macro   0x00013b15      0x22b ./system/src/stm32f4-hal/stm32f4xx_hal.o
 .debug_macro   0x00013d40      0x202 ./system/src/stm32f4-hal/stm32f4xx_hal.o
 .debug_macro   0x00013f42      0x6d9 ./system/src/stm32f4-hal/stm32f4xx_hal.o
 .debug_macro   0x0001461b       0x59 ./system/src/stm32f4-hal/stm32f4xx_hal.o
 .debug_macro   0x00014674      0x14d ./system/src/stm32f4-hal/stm32f4xx_hal.o
 .debug_macro   0x000147c1      0x287 ./system/src/stm32f4-hal/stm32f4xx_hal.o
 .debug_macro   0x00014a48      0x225 ./system/src/stm32f4-hal/stm32f4xx_hal.o
 .debug_macro   0x00014c6d      0x1b5 ./system/src/stm32f4-hal/stm32f4xx_hal.o
 .debug_macro   0x00014e22      0x2db ./system/src/stm32f4-hal/stm32f4xx_hal.o
 .debug_macro   0x000150fd       0x94 ./system/src/stm32f4-hal/stm32f4xx_hal.o
 .debug_macro   0x00015191      0x1df ./system/src/stm32f4-hal/stm32f4xx_hal.o
 .debug_macro   0x00015370      0x10b ./system/src/stm32f4-hal/stm32f4xx_hal.o
 .debug_macro   0x0001547b       0x75 ./system/src/stm32f4-hal/stm32f4xx_hal.o
 .debug_macro   0x000154f0      0x126 ./system/src/stm32f4-hal/stm32f4xx_hal.o
 .debug_macro   0x00015616      0x444 ./system/src/stm32f4-hal/stm32f4xx_hal_cortex.o
 .debug_macro   0x00015a5a      0x47c ./system/src/stm32f4-hal/stm32f4xx_hal_gpio.o
 .debug_macro   0x00015ed6      0x46e ./system/src/stm32f4-hal/stm32f4xx_hal_rcc.o
 .debug_macro   0x00016344      0x445 ./system/src/stm32f4-hal/stm32f4xx_hal_tim.o
 .debug_macro   0x00016789      0x444 ./system/src/stm32f4-hal/stm32f4xx_hal_tim_ex.o
 .debug_macro   0x00016bcd      0x131 ./system/src/newlib/_exit.o
 .debug_macro   0x00016cfe      0x10e ./system/src/newlib/_exit.o
 .debug_macro   0x00016e0c       0x86 ./system/src/newlib/_exit.o
 .debug_macro   0x00016e92       0x35 ./system/src/newlib/_exit.o
 .debug_macro   0x00016ec7       0xe4 ./system/src/newlib/_startup.o
 .debug_macro   0x00016fab      0x892 ./system/src/newlib/_startup.o
 .debug_macro   0x0001783d      0x1ad ./system/src/newlib/_syscalls.o
 .debug_macro   0x000179ea       0x1c ./system/src/newlib/_syscalls.o
 .debug_macro   0x00017a06       0x10 ./system/src/newlib/_syscalls.o
 .debug_macro   0x00017a16       0x10 ./system/src/newlib/_syscalls.o
 .debug_macro   0x00017a26       0x10 ./system/src/newlib/_syscalls.o
 .debug_macro   0x00017a36       0x10 ./system/src/newlib/_syscalls.o
 .debug_macro   0x00017a46       0x35 ./system/src/newlib/_syscalls.o
 .debug_macro   0x00017a7b      0x122 ./system/src/newlib/_syscalls.o
 .debug_macro   0x00017b9d       0x2e ./system/src/newlib/_syscalls.o
 .debug_macro   0x00017bcb       0x82 ./system/src/newlib/_syscalls.o
 .debug_macro   0x00017c4d       0x2b ./system/src/newlib/_syscalls.o
 .debug_macro   0x00017c78      0x118 ./system/src/newlib/_syscalls.o
 .debug_macro   0x00017d90      0x13e ./system/src/newlib/_syscalls.o
 .debug_macro   0x00017ece       0x16 ./system/src/newlib/_syscalls.o
 .debug_macro   0x00017ee4      0x14d ./system/src/newlib/assert.o
 .debug_macro   0x00018031       0x1c ./system/src/newlib/assert.o
 .debug_macro   0x0001804d      0x44e ./system/src/cortexm/_initialize_hardware.o
 .debug_macro   0x0001849b      0x4a8 ./system/src/cortexm/exception_handlers.o
 .debug_macro   0x00018943       0x22 ./system/src/cortexm/exception_handlers.o
 .debug_macro   0x00018965       0x16 ./system/src/cortexm/exception_handlers.o
 .debug_macro   0x0001897b      0x44a ./system/src/cmsis/system_stm32f4xx.o
 .debug_macro   0x00018dc5       0x34 ./system/src/cmsis/vectors_stm32f4xx.o
 .debug_macro   0x00018df9      0x463 ./src/Timer.o
 .debug_macro   0x0001925c       0x28 ./src/Timer.o
 .debug_macro   0x00019284      0x444 ./src/_initialize_hardware.o
 .debug_macro   0x000196c8      0x4d2 ./src/main.o
 .debug_macro   0x00019b9a      0x461 ./src/stm32f4xx_hal_msp.o
 .debug_macro   0x00019ffb      0x46b ./src/stm32f4xx_it.o
