Archive member included because of file (symbol)

c:/program files (x86)/gnu tools arm embedded/4.9 2015q2/bin/../lib/gcc/arm-none-eabi/4.9.3/../../../../arm-none-eabi/lib/armv7e-m/fpu\libg_nano.a(lib_a-bzero.o)
                              ./src/Timer.o (bzero)
c:/program files (x86)/gnu tools arm embedded/4.9 2015q2/bin/../lib/gcc/arm-none-eabi/4.9.3/../../../../arm-none-eabi/lib/armv7e-m/fpu\libg_nano.a(lib_a-errno.o)
                              ./system/src/newlib/_sbrk.o (__errno)
c:/program files (x86)/gnu tools arm embedded/4.9 2015q2/bin/../lib/gcc/arm-none-eabi/4.9.3/../../../../arm-none-eabi/lib/armv7e-m/fpu\libg_nano.a(lib_a-impure.o)
                              c:/program files (x86)/gnu tools arm embedded/4.9 2015q2/bin/../lib/gcc/arm-none-eabi/4.9.3/../../../../arm-none-eabi/lib/armv7e-m/fpu\libg_nano.a(lib_a-errno.o) (_impure_ptr)
c:/program files (x86)/gnu tools arm embedded/4.9 2015q2/bin/../lib/gcc/arm-none-eabi/4.9.3/../../../../arm-none-eabi/lib/armv7e-m/fpu\libg_nano.a(lib_a-memcpy.o)
                              ./src/FreeRTOS/queue.o (memcpy)
c:/program files (x86)/gnu tools arm embedded/4.9 2015q2/bin/../lib/gcc/arm-none-eabi/4.9.3/../../../../arm-none-eabi/lib/armv7e-m/fpu\libg_nano.a(lib_a-memset.o)
                              ./src/FreeRTOS/tasks.o (memset)

Allocating common symbols
Common symbol       size              file

errno               0x4               ./system/src/newlib/_syscalls.o
xQueueRegistry      0x40              ./src/FreeRTOS/queue.o

Discarded input sections

 .group         0x00000000        0x8 ./system/src/stm32f4-hal/stm32f4xx_hal.o
 .group         0x00000000        0x8 ./system/src/stm32f4-hal/stm32f4xx_hal.o
 .group         0x00000000        0x8 ./system/src/stm32f4-hal/stm32f4xx_hal.o
 .group         0x00000000        0x8 ./system/src/stm32f4-hal/stm32f4xx_hal.o
 .group         0x00000000        0x8 ./system/src/stm32f4-hal/stm32f4xx_hal.o
 .group         0x00000000        0x8 ./system/src/stm32f4-hal/stm32f4xx_hal.o
 .group         0x00000000        0x8 ./system/src/stm32f4-hal/stm32f4xx_hal.o
 .group         0x00000000        0x8 ./system/src/stm32f4-hal/stm32f4xx_hal.o
 .group         0x00000000        0x8 ./system/src/stm32f4-hal/stm32f4xx_hal.o
 .group         0x00000000        0x8 ./system/src/stm32f4-hal/stm32f4xx_hal.o
 .group         0x00000000        0x8 ./system/src/stm32f4-hal/stm32f4xx_hal.o
 .group         0x00000000        0x8 ./system/src/stm32f4-hal/stm32f4xx_hal.o
 .group         0x00000000        0x8 ./system/src/stm32f4-hal/stm32f4xx_hal.o
 .group         0x00000000        0x8 ./system/src/stm32f4-hal/stm32f4xx_hal.o
 .group         0x00000000        0x8 ./system/src/stm32f4-hal/stm32f4xx_hal.o
 .group         0x00000000        0x8 ./system/src/stm32f4-hal/stm32f4xx_hal.o
 .group         0x00000000        0x8 ./system/src/stm32f4-hal/stm32f4xx_hal.o
 .group         0x00000000        0x8 ./system/src/stm32f4-hal/stm32f4xx_hal.o
 .group         0x00000000        0x8 ./system/src/stm32f4-hal/stm32f4xx_hal.o
 .group         0x00000000        0x8 ./system/src/stm32f4-hal/stm32f4xx_hal.o
 .group         0x00000000        0x8 ./system/src/stm32f4-hal/stm32f4xx_hal.o
 .group         0x00000000        0x8 ./system/src/stm32f4-hal/stm32f4xx_hal.o
 .group         0x00000000        0x8 ./system/src/stm32f4-hal/stm32f4xx_hal.o
 .group         0x00000000        0x8 ./system/src/stm32f4-hal/stm32f4xx_hal.o
 .group         0x00000000        0x8 ./system/src/stm32f4-hal/stm32f4xx_hal.o
 .group         0x00000000        0x8 ./system/src/stm32f4-hal/stm32f4xx_hal.o
 .group         0x00000000        0x8 ./system/src/stm32f4-hal/stm32f4xx_hal.o
 .group         0x00000000        0x8 ./system/src/stm32f4-hal/stm32f4xx_hal.o
 .group         0x00000000        0x8 ./system/src/stm32f4-hal/stm32f4xx_hal.o
 .group         0x00000000        0x8 ./system/src/stm32f4-hal/stm32f4xx_hal.o
 .group         0x00000000        0x8 ./system/src/stm32f4-hal/stm32f4xx_hal.o
 .group         0x00000000        0x8 ./system/src/stm32f4-hal/stm32f4xx_hal.o
 .group         0x00000000        0x8 ./system/src/stm32f4-hal/stm32f4xx_hal.o
 .group         0x00000000        0x8 ./system/src/stm32f4-hal/stm32f4xx_hal.o
 .group         0x00000000        0x8 ./system/src/stm32f4-hal/stm32f4xx_hal.o
 .group         0x00000000        0x8 ./system/src/stm32f4-hal/stm32f4xx_hal.o
 .group         0x00000000        0x8 ./system/src/stm32f4-hal/stm32f4xx_hal.o
 .group         0x00000000        0x8 ./system/src/stm32f4-hal/stm32f4xx_hal.o
 .group         0x00000000        0x8 ./system/src/stm32f4-hal/stm32f4xx_hal.o
 .group         0x00000000        0x8 ./system/src/stm32f4-hal/stm32f4xx_hal.o
 .group         0x00000000        0x8 ./system/src/stm32f4-hal/stm32f4xx_hal.o
 .group         0x00000000        0x8 ./system/src/stm32f4-hal/stm32f4xx_hal.o
 .group         0x00000000        0x8 ./system/src/stm32f4-hal/stm32f4xx_hal.o
[...]
Memory Configuration

Name             Origin             Length             Attributes
RAM              0x20000000         0x00020000         xrw
CCMRAM           0x10000000         0x00010000         xrw
FLASH            0x08000000         0x00100000         xr
FLASHB1          0x00000000         0x00000000         xr
EXTMEMB0         0x00000000         0x00000000         xr
EXTMEMB1         0x00000000         0x00000000         xr
EXTMEMB2         0x00000000         0x00000000         xr
EXTMEMB3         0x00000000         0x00000000         xr
MEMORY_ARRAY     0x20002000         0x00000020         xrw
*default*        0x00000000         0xffffffff

Linker script and memory map

LOAD ./system/src/stm32f4-hal/stm32f4xx_hal.o
LOAD ./system/src/stm32f4-hal/stm32f4xx_hal_can.o
LOAD ./system/src/stm32f4-hal/stm32f4xx_hal_cortex.o
LOAD ./system/src/stm32f4-hal/stm32f4xx_hal_dma.o
LOAD ./system/src/stm32f4-hal/stm32f4xx_hal_gpio.o
LOAD ./system/src/stm32f4-hal/stm32f4xx_hal_msp_template.o
LOAD ./system/src/stm32f4-hal/stm32f4xx_hal_rcc.o
LOAD ./system/src/stm32f4-hal/stm32f4xx_hal_rcc_ex.o
LOAD ./system/src/stm32f4-hal/stm32f4xx_hal_tim.o
LOAD ./system/src/stm32f4-hal/stm32f4xx_hal_tim_ex.o
LOAD ./system/src/newlib/_cxx.o
LOAD ./system/src/newlib/_exit.o
LOAD ./system/src/newlib/_sbrk.o
LOAD ./system/src/newlib/_startup.o
LOAD ./system/src/newlib/_syscalls.o
LOAD ./system/src/newlib/assert.o
LOAD ./system/src/diag/Trace.o
LOAD ./system/src/diag/trace_impl.o
LOAD ./system/src/cortexm/_initialize_hardware.o
LOAD ./system/src/cortexm/_reset_hardware.o
LOAD ./system/src/cortexm/exception_handlers.o
LOAD ./system/src/cmsis/system_stm32f4xx.o
LOAD ./system/src/cmsis/vectors_stm32f4xx.o
LOAD ./src/FreeRTOS/croutine.o
LOAD ./src/FreeRTOS/event_groups.o
LOAD ./src/FreeRTOS/heap_4.o
LOAD ./src/FreeRTOS/list.o
LOAD ./src/FreeRTOS/port.o
LOAD ./src/FreeRTOS/queue.o
LOAD ./src/FreeRTOS/tasks.o
LOAD ./src/FreeRTOS/timers.o
LOAD ./src/Timer.o
LOAD ./src/_initialize_hardware.o
LOAD ./src/_write.o
LOAD ./src/main.o
LOAD ./src/stm32f4xx_hal_msp.o
LOAD ./src/stm32f4xx_it.o
LOAD c:/program files (x86)/gnu tools arm embedded/4.9 2015q2/bin/../lib/gcc/arm-none-eabi/4.9.3/../../../../arm-none-eabi/lib/armv7e-m/fpu\libstdc++_nano.a
LOAD c:/program files (x86)/gnu tools arm embedded/4.9 2015q2/bin/../lib/gcc/arm-none-eabi/4.9.3/../../../../arm-none-eabi/lib/armv7e-m/fpu\libm.a
START GROUP
LOAD c:/program files (x86)/gnu tools arm embedded/4.9 2015q2/bin/../lib/gcc/arm-none-eabi/4.9.3/armv7e-m/fpu\libgcc.a
LOAD c:/program files (x86)/gnu tools arm embedded/4.9 2015q2/bin/../lib/gcc/arm-none-eabi/4.9.3/../../../../arm-none-eabi/lib/armv7e-m/fpu\libg_nano.a
LOAD c:/program files (x86)/gnu tools arm embedded/4.9 2015q2/bin/../lib/gcc/arm-none-eabi/4.9.3/../../../../arm-none-eabi/lib/armv7e-m/fpu\libc_nano.a
END GROUP
START GROUP
LOAD c:/program files (x86)/gnu tools arm embedded/4.9 2015q2/bin/../lib/gcc/arm-none-eabi/4.9.3/armv7e-m/fpu\libgcc.a
LOAD c:/program files (x86)/gnu tools arm embedded/4.9 2015q2/bin/../lib/gcc/arm-none-eabi/4.9.3/../../../../arm-none-eabi/lib/armv7e-m/fpu\libc_nano.a
END GROUP
                0x20020000                __stack = (ORIGIN (RAM) + 0x20000)
                0x20020000                _estack = __stack
                0x00000400                __Main_Stack_Size = 0x400
                0x00000400                PROVIDE (_Main_Stack_Size, __Main_Stack_Size)
                0x2001fc00                __Main_Stack_Limit = (__stack - __Main_Stack_Size)
                0x2001fc00                PROVIDE (_Main_Stack_Limit, __Main_Stack_Limit)
                0x00000100                _Minimum_Stack_Size = 0x100
                0x20012ea4                PROVIDE (_Heap_Begin, _end_noinit)
                0x2001fc00                PROVIDE (_Heap_Limit, (__stack - __Main_Stack_Size))

.isr_vector     0x08000000      0x330
 FILL mask 0xff
                0x08000000                __vectors_start = ABSOLUTE (.)
                0x08000000                __vectors_start__ = ABSOLUTE (.)
 *(.isr_vector)
 .isr_vector    0x08000000      0x188 ./system/src/cmsis/vectors_stm32f4xx.o
                0x08000000                __isr_vectors
 *(.cfmconfig)
 *(.after_vectors .after_vectors.*)
 .after_vectors
                0x08000188      0x130 ./system/src/newlib/_startup.o
                0x08000188                _start
 .after_vectors
                0x080002b8       0x74 ./system/src/cortexm/exception_handlers.o
                0x080002b8                Reset_Handler
                0x080002c0                NMI_Handler
                0x080002c4                HardFault_Handler
                0x080002d8                HardFault_Handler_C
                0x080002dc                MemManage_Handler
                0x080002e0                BusFault_Handler
                0x080002f4                BusFault_Handler_C
                0x080002f8                UsageFault_Handler
                0x0800030c                UsageFault_Handler_C
                0x08000314                DebugMon_Handler
 .after_vectors
                0x0800032c        0x4 ./system/src/cmsis/vectors_stm32f4xx.o
                0x0800032c                RTC_Alarm_IRQHandler
                0x0800032c                HASH_RNG_IRQHandler
                0x0800032c                EXTI2_IRQHandler
                0x0800032c                TIM8_CC_IRQHandler
                0x0800032c                TIM1_CC_IRQHandler
                0x0800032c                DMA2_Stream5_IRQHandler
                0x0800032c                DMA1_Stream5_IRQHandler
                0x0800032c                PVD_IRQHandler
                0x0800032c                SDIO_IRQHandler
                0x0800032c                TAMP_STAMP_IRQHandler
                0x0800032c                CAN2_RX1_IRQHandler
                0x0800032c                EXTI3_IRQHandler
                0x0800032c                TIM8_TRG_COM_TIM14_IRQHandler
                0x0800032c                TIM1_UP_TIM10_IRQHandler
                0x0800032c                TIM8_UP_TIM13_IRQHandler
                0x0800032c                I2C3_ER_IRQHandler
                0x0800032c                EXTI0_IRQHandler
                0x0800032c                I2C2_EV_IRQHandler
                0x0800032c                DMA1_Stream2_IRQHandler
                0x0800032c                CAN1_RX0_IRQHandler
                0x0800032c                FPU_IRQHandler
                0x0800032c                OTG_HS_WKUP_IRQHandler
                0x0800032c                CAN2_SCE_IRQHandler
                0x0800032c                DMA2_Stream2_IRQHandler
                0x0800032c                SPI1_IRQHandler
                0x0800032c                TIM6_DAC_IRQHandler
                0x0800032c                TIM1_BRK_TIM9_IRQHandler
                0x0800032c                DCMI_IRQHandler
                0x0800032c                CAN2_RX0_IRQHandler
                0x0800032c                DMA2_Stream3_IRQHandler
                0x0800032c                USART6_IRQHandler
                0x0800032c                USART3_IRQHandler
                0x0800032c                CRYP_IRQHandler
                0x0800032c                CAN1_RX1_IRQHandler
                0x0800032c                UART5_IRQHandler
                0x0800032c                DMA2_Stream0_IRQHandler
                0x0800032c                TIM4_IRQHandler
                0x0800032c                I2C1_EV_IRQHandler
                0x0800032c                DMA1_Stream6_IRQHandler
                0x0800032c                DMA1_Stream1_IRQHandler
                0x0800032c                UART4_IRQHandler
                0x0800032c                TIM3_IRQHandler
                0x0800032c                RCC_IRQHandler
                0x0800032c                TIM8_BRK_TIM12_IRQHandler
                0x0800032c                Default_Handler
                0x0800032c                EXTI15_10_IRQHandler
                0x0800032c                ADC_IRQHandler
                0x0800032c                TIM7_IRQHandler
                0x0800032c                CAN2_TX_IRQHandler
                0x0800032c                TIM5_IRQHandler
                0x0800032c                DMA2_Stream7_IRQHandler
                0x0800032c                I2C3_EV_IRQHandler
                0x0800032c                EXTI9_5_IRQHandler
                0x0800032c                RTC_WKUP_IRQHandler
                0x0800032c                ETH_WKUP_IRQHandler
                0x0800032c                SPI2_IRQHandler
                0x0800032c                OTG_HS_EP1_IN_IRQHandler
                0x0800032c                DMA1_Stream0_IRQHandler
                0x0800032c                CAN1_TX_IRQHandler
                0x0800032c                EXTI4_IRQHandler
                0x0800032c                FSMC_IRQHandler
                0x0800032c                ETH_IRQHandler
                0x0800032c                OTG_HS_EP1_OUT_IRQHandler
                0x0800032c                WWDG_IRQHandler
                0x0800032c                TIM2_IRQHandler
                0x0800032c                OTG_FS_WKUP_IRQHandler
                0x0800032c                TIM1_TRG_COM_TIM11_IRQHandler
                0x0800032c                OTG_HS_IRQHandler
                0x0800032c                EXTI1_IRQHandler
                0x0800032c                USART2_IRQHandler
                0x0800032c                I2C2_ER_IRQHandler
                0x0800032c                DMA2_Stream1_IRQHandler
                0x0800032c                CAN1_SCE_IRQHandler
                0x0800032c                FLASH_IRQHandler
                0x0800032c                DMA2_Stream4_IRQHandler
                0x0800032c                USART1_IRQHandler
                0x0800032c                OTG_FS_IRQHandler
                0x0800032c                SPI3_IRQHandler
                0x0800032c                DMA1_Stream4_IRQHandler
                0x0800032c                I2C1_ER_IRQHandler
                0x0800032c                DMA2_Stream6_IRQHandler
                0x0800032c                DMA1_Stream3_IRQHandler

.inits          0x08000330       0x28
                0x08000330                __data_regions_array_start = .
                0x08000330        0x4 LONG 0x8003504 LOADADDR (.data)
                0x08000334        0x4 LONG 0x20000000 ADDR (.data)
                0x08000338        0x4 LONG 0x20000030 (ADDR (.data) + SIZEOF (.data))
                0x0800033c        0x4 LONG 0x8003504 LOADADDR (.data_CCMRAM)
                0x08000340        0x4 LONG 0x10000000 ADDR (.data_CCMRAM)
                0x08000344        0x4 LONG 0x10000000 (ADDR (.data_CCMRAM) + SIZEOF (.data_CCMRAM))
                0x08000348                __data_regions_array_end = .
                0x08000348                __bss_regions_array_start = .
                0x08000348        0x4 LONG 0x20000030 ADDR (.bss)
                0x0800034c        0x4 LONG 0x20012ea4 (ADDR (.bss) + SIZEOF (.bss))
                0x08000350        0x4 LONG 0x10000000 ADDR (.bss_CCMRAM)
                0x08000354        0x4 LONG 0x10000000 (ADDR (.bss_CCMRAM) + SIZEOF (.bss_CCMRAM))
                0x08000358                __bss_regions_array_end = .
 *(.init)
 *(.fini)
                0x08000358                . = ALIGN (0x4)
                0x08000358                PROVIDE (__preinit_array_start, .)
 *(.preinit_array_sysinit .preinit_array_sysinit.*)
 *(.preinit_array_platform .preinit_array_platform.*)
 *(.preinit_array .preinit_array.*)
                0x08000358                PROVIDE (__preinit_array_end, .)
                0x08000358                . = ALIGN (0x4)
                0x08000358                PROVIDE (__init_array_start, .)
 *(SORT(.init_array.*))
 *(.init_array)
                0x08000358                PROVIDE (__init_array_end, .)
                0x08000358                . = ALIGN (0x4)
                0x08000358                PROVIDE (__fini_array_start, .)
 *(SORT(.fini_array.*))
 *(.fini_array)
                0x08000358                PROVIDE (__fini_array_end, .)

.flashtext
 *(.flashtext .flashtext.*)

.text           0x08000358     0x31ab
 *(.text .text.*)
 .text.HAL_InitTick
                0x08000358       0x28 ./system/src/stm32f4-hal/stm32f4xx_hal.o
                0x08000358                HAL_InitTick
 .text.HAL_Init
                0x08000380       0x34 ./system/src/stm32f4-hal/stm32f4xx_hal.o
                0x08000380                HAL_Init
 .text.HAL_GetTick
                0x080003b4        0xc ./system/src/stm32f4-hal/stm32f4xx_hal.o
                0x080003b4                HAL_GetTick
 .text.HAL_NVIC_SetPriorityGrouping
                0x080003c0       0x3c ./system/src/stm32f4-hal/stm32f4xx_hal_cortex.o
                0x080003c0                HAL_NVIC_SetPriorityGrouping
 .text.HAL_NVIC_SetPriority
                0x080003fc       0x84 ./system/src/stm32f4-hal/stm32f4xx_hal_cortex.o
                0x080003fc                HAL_NVIC_SetPriority
 .text.HAL_SYSTICK_Config
                0x08000480       0x2c ./system/src/stm32f4-hal/stm32f4xx_hal_cortex.o
                0x08000480                HAL_SYSTICK_Config
 .text.HAL_SYSTICK_CLKSourceConfig
                0x080004ac       0x38 ./system/src/stm32f4-hal/stm32f4xx_hal_cortex.o
                0x080004ac                HAL_SYSTICK_CLKSourceConfig
 .text.DMA_SetConfig
                0x080004e4       0x2c ./system/src/stm32f4-hal/stm32f4xx_hal_dma.o
 .text.HAL_DMA_Init
                0x08000510      0x218 ./system/src/stm32f4-hal/stm32f4xx_hal_dma.o
                0x08000510                HAL_DMA_Init
 .text.HAL_DMA_Start_IT
                0x08000728       0x90 ./system/src/stm32f4-hal/stm32f4xx_hal_dma.o
                0x08000728                HAL_DMA_Start_IT
 .text.HAL_GPIO_Init
                0x080007b8      0x328 ./system/src/stm32f4-hal/stm32f4xx_hal_gpio.o
                0x080007b8                HAL_GPIO_Init
 .text.HAL_RCC_OscConfig
                0x08000ae0      0x4b4 ./system/src/stm32f4-hal/stm32f4xx_hal_rcc.o
                0x08000ae0                HAL_RCC_OscConfig
 .text.HAL_RCC_ClockConfig
                0x08000f94      0x368 ./system/src/stm32f4-hal/stm32f4xx_hal_rcc.o
                0x08000f94                HAL_RCC_ClockConfig
 .text.HAL_RCC_GetSysClockFreq
                0x080012fc       0x98 ./system/src/stm32f4-hal/stm32f4xx_hal_rcc.o
                0x080012fc                HAL_RCC_GetSysClockFreq
 .text.HAL_RCC_GetHCLKFreq
                0x08001394       0x38 ./system/src/stm32f4-hal/stm32f4xx_hal_rcc.o
                0x08001394                HAL_RCC_GetHCLKFreq
 .text.TIM_OC1_SetConfig
                0x080013cc       0x64 ./system/src/stm32f4-hal/stm32f4xx_hal_tim.o
 .text.TIM_OC3_SetConfig
                0x08001430       0xb4 ./system/src/stm32f4-hal/stm32f4xx_hal_tim.o
 .text.TIM_OC4_SetConfig
                0x080014e4       0x7c ./system/src/stm32f4-hal/stm32f4xx_hal_tim.o
 .text.HAL_TIM_PWM_MspInit
                0x08001560        0x4 ./system/src/stm32f4-hal/stm32f4xx_hal_tim.o
                0x08001560                HAL_TIM_PWM_MspInit
 .text.HAL_TIM_PWM_PulseFinishedCallback
                0x08001564        0x4 ./system/src/stm32f4-hal/stm32f4xx_hal_tim.o
                0x08001564                HAL_TIM_PWM_PulseFinishedCallback
 .text.TIM_DMADelayPulseCplt
                0x08001568       0x44 ./system/src/stm32f4-hal/stm32f4xx_hal_tim.o
                0x08001568                TIM_DMADelayPulseCplt
 .text.HAL_TIM_ErrorCallback
                0x080015ac        0x4 ./system/src/stm32f4-hal/stm32f4xx_hal_tim.o
                0x080015ac                HAL_TIM_ErrorCallback
 .text.TIM_DMAError
                0x080015b0       0x10 ./system/src/stm32f4-hal/stm32f4xx_hal_tim.o
                0x080015b0                TIM_DMAError
 .text.TIM_Base_SetConfig
                0x080015c0      0x11c ./system/src/stm32f4-hal/stm32f4xx_hal_tim.o
                0x080015c0                TIM_Base_SetConfig
 .text.HAL_TIM_PWM_Init
                0x080016dc       0xf4 ./system/src/stm32f4-hal/stm32f4xx_hal_tim.o
                0x080016dc                HAL_TIM_PWM_Init
 .text.TIM_OC2_SetConfig
                0x080017d0       0xb8 ./system/src/stm32f4-hal/stm32f4xx_hal_tim.o
                0x080017d0                TIM_OC2_SetConfig
 .text.HAL_TIM_PWM_ConfigChannel
                0x08001888      0x2ac ./system/src/stm32f4-hal/stm32f4xx_hal_tim.o
                0x08001888                HAL_TIM_PWM_ConfigChannel
 .text.TIM_CCxChannelCmd
                0x08001b34       0xa8 ./system/src/stm32f4-hal/stm32f4xx_hal_tim.o
                0x08001b34                TIM_CCxChannelCmd
 .text.HAL_TIM_PWM_Start_DMA
                0x08001bdc      0x1c0 ./system/src/stm32f4-hal/stm32f4xx_hal_tim.o
                0x08001bdc                HAL_TIM_PWM_Start_DMA
 .text._exit    0x08001d9c        0x4 ./system/src/newlib/_exit.o
                0x08001d9c                _exit
 .text.abort    0x08001da0        0x8 ./system/src/newlib/_exit.o
                0x08001da0                abort
 .text.__initialize_args
                0x08001da8       0x10 ./system/src/newlib/_syscalls.o
                0x08001da8                __initialize_args
 .text.assert_failed
                0x08001db8        0x8 ./system/src/newlib/assert.o
                0x08001db8                assert_failed
 .text.__initialize_hardware_early
                0x08001dc0        0x8 ./system/src/cortexm/_initialize_hardware.o
                0x08001dc0                __initialize_hardware_early
 .text.SystemInit
                0x08001dc8       0x40 ./system/src/cmsis/system_stm32f4xx.o
                0x08001dc8                SystemInit
 .text.SystemCoreClockUpdate
                0x08001e08       0xa4 ./system/src/cmsis/system_stm32f4xx.o
                0x08001e08                SystemCoreClockUpdate
 .text.prvHeapInit
                0x08001eac       0x58 ./src/FreeRTOS/heap_4.o
 .text.prvInsertBlockIntoFreeList
                0x08001f04       0x58 ./src/FreeRTOS/heap_4.o
 .text.pvPortMalloc
                0x08001f5c       0xc4 ./src/FreeRTOS/heap_4.o
                0x08001f5c                pvPortMalloc
 .text.vListInitialise
                0x08002020       0x18 ./src/FreeRTOS/list.o
                0x08002020                vListInitialise
 .text.vListInsertEnd
                0x08002038       0x18 ./src/FreeRTOS/list.o
                0x08002038                vListInsertEnd
 .text.vListInsert
                0x08002050       0x34 ./src/FreeRTOS/list.o
                0x08002050                vListInsert
 .text.uxListRemove
                0x08002084       0x24 ./src/FreeRTOS/list.o
                0x08002084                uxListRemove
 .text.SVC_Handler
                0x080020a8       0x20 ./src/FreeRTOS/port.o
                0x080020a8                SVC_Handler
 .text.vPortEnterCritical
                0x080020c8       0x44 ./src/FreeRTOS/port.o
                0x080020c8                vPortEnterCritical
 .text.vPortExitCritical
                0x0800210c       0x2c ./src/FreeRTOS/port.o
                0x0800210c                vPortExitCritical
 .text.PendSV_Handler
                0x08002138       0x60 ./src/FreeRTOS/port.o
                0x08002138                PendSV_Handler
 .text.SysTick_Handler
                0x08002198       0x30 ./src/FreeRTOS/port.o
                0x08002198                SysTick_Handler
 .text.vPortValidateInterruptPriority
                0x080021c8       0x5c ./src/FreeRTOS/port.o
                0x080021c8                vPortValidateInterruptPriority
 .text.prvIsQueueFull
                0x08002224       0x20 ./src/FreeRTOS/queue.o
 .text.prvIsQueueEmpty
                0x08002244       0x1c ./src/FreeRTOS/queue.o
 .text.prvCopyDataToQueue
                0x08002260       0x7c ./src/FreeRTOS/queue.o
 .text.prvCopyDataFromQueue
                0x080022dc       0x24 ./src/FreeRTOS/queue.o
 .text.prvUnlockQueue
                0x08002300       0x64 ./src/FreeRTOS/queue.o
 .text.xQueueGenericReset
                0x08002364       0x80 ./src/FreeRTOS/queue.o
                0x08002364                xQueueGenericReset
 .text.xQueueGenericCreate
                0x080023e4       0x68 ./src/FreeRTOS/queue.o
                0x080023e4                xQueueGenericCreate
 .text.xQueueGenericSend
                0x0800244c      0x184 ./src/FreeRTOS/queue.o
                0x0800244c                xQueueGenericSend
 .text.xQueueGiveFromISR
                0x080025d0       0xb8 ./src/FreeRTOS/queue.o
                0x080025d0                xQueueGiveFromISR
 .text.xQueueGenericReceive
                0x08002688      0x188 ./src/FreeRTOS/queue.o
                0x08002688                xQueueGenericReceive
 .text.prvResetNextTaskUnblockTime
                0x08002810       0x34 ./src/FreeRTOS/tasks.o
 .text.prvAddCurrentTaskToDelayedList
                0x08002844       0x54 ./src/FreeRTOS/tasks.o
 .text.vTaskSuspendAll
                0x08002898       0x10 ./src/FreeRTOS/tasks.o
                0x08002898                vTaskSuspendAll
 .text.xTaskIncrementTick
                0x080028a8      0x134 ./src/FreeRTOS/tasks.o
                0x080028a8                xTaskIncrementTick
 .text.xTaskResumeAll
                0x080029dc       0xf8 ./src/FreeRTOS/tasks.o
                0x080029dc                xTaskResumeAll
 .text.vTaskSwitchContext
                0x08002ad4       0xc4 ./src/FreeRTOS/tasks.o
                0x08002ad4                vTaskSwitchContext
 .text.vTaskPlaceOnEventList
                0x08002b98       0x70 ./src/FreeRTOS/tasks.o
                0x08002b98                vTaskPlaceOnEventList
 .text.xTaskRemoveFromEventList
                0x08002c08       0x8c ./src/FreeRTOS/tasks.o
                0x08002c08                xTaskRemoveFromEventList
 .text.vTaskSetTimeOutState
                0x08002c94       0x2c ./src/FreeRTOS/tasks.o
                0x08002c94                vTaskSetTimeOutState
 .text.xTaskCheckForTimeOut
                0x08002cc0       0x80 ./src/FreeRTOS/tasks.o
                0x08002cc0                xTaskCheckForTimeOut
 .text.vTaskMissedYield
                0x08002d40        0xc ./src/FreeRTOS/tasks.o
                0x08002d40                vTaskMissedYield
 .text.xTaskGetSchedulerState
                0x08002d4c       0x20 ./src/FreeRTOS/tasks.o
                0x08002d4c                xTaskGetSchedulerState
 .text.vTaskPriorityInherit
                0x08002d6c       0xa8 ./src/FreeRTOS/tasks.o
                0x08002d6c                vTaskPriorityInherit
 .text.xTaskPriorityDisinherit
                0x08002e14       0xb4 ./src/FreeRTOS/tasks.o
                0x08002e14                xTaskPriorityDisinherit
 .text.pvTaskIncrementMutexHeldCount
                0x08002ec8       0x1c ./src/FreeRTOS/tasks.o
                0x08002ec8                pvTaskIncrementMutexHeldCount
 .text.fillLed  0x08002ee4       0x6c ./src/Timer.o
 .text.ws2812Init
                0x08002f50      0x164 ./src/Timer.o
                0x08002f50                ws2812Init
 .text.SystemClock_Config
                0x080030b4       0x90 ./src/Timer.o
                0x080030b4                SystemClock_Config
 .text.ws2812Send
                0x08003144      0x110 ./src/Timer.o
                0x08003144                ws2812Send
 .text.ws2812DmaIsr
                0x08003254       0xf4 ./src/Timer.o
                0x08003254                ws2812DmaIsr
 .text.DMA1_Stream7_IRQHandler
                0x08003348       0x14 ./src/Timer.o
                0x08003348                DMA1_Stream7_IRQHandler
 .text.__initialize_hardware
                0x0800335c       0x10 ./src/_initialize_hardware.o
                0x0800335c                __initialize_hardware
 .text.main     0x0800336c       0x4c ./src/main.o
                0x0800336c                main
 .text.vApplicationTickHook
                0x080033b8        0x4 ./src/main.o
                0x080033b8                vApplicationTickHook
 .text.HAL_MspInit
                0x080033bc       0x18 ./src/stm32f4xx_hal_msp.o
                0x080033bc                HAL_MspInit
 .text.bzero    0x080033d4       0x10 c:/program files (x86)/gnu tools arm embedded/4.9 2015q2/bin/../lib/gcc/arm-none-eabi/4.9.3/../../../../arm-none-eabi/lib/armv7e-m/fpu\libg_nano.a(lib_a-bzero.o)
                0x080033d4                bzero
 .text.memcpy   0x080033e4       0x16 c:/program files (x86)/gnu tools arm embedded/4.9 2015q2/bin/../lib/gcc/arm-none-eabi/4.9.3/../../../../arm-none-eabi/lib/armv7e-m/fpu\libg_nano.a(lib_a-memcpy.o)
                0x080033e4                memcpy
 *(.rodata .rodata.* .constdata .constdata.*)
 *fill*         0x080033fa        0x2 
 .rodata.str1.4
                0x080033fc       0x31 ./system/src/stm32f4-hal/stm32f4xx_hal_cortex.o
 *fill*         0x0800342d        0x3 
 .rodata.str1.4
                0x08003430       0x2e ./system/src/stm32f4-hal/stm32f4xx_hal_dma.o
 *fill*         0x0800345e        0x2 
 .rodata.str1.4
                0x08003460       0x2f ./system/src/stm32f4-hal/stm32f4xx_hal_gpio.o
 *fill*         0x0800348f        0x1 
 .rodata.APBAHBPrescTable
                0x08003490       0x10 ./system/src/stm32f4-hal/stm32f4xx_hal_rcc.o
                0x08003490                APBAHBPrescTable
 .rodata.str1.4
                0x080034a0       0x2e ./system/src/stm32f4-hal/stm32f4xx_hal_rcc.o
 *fill*         0x080034ce        0x2 
 .rodata.str1.4
                0x080034d0       0x30 ./system/src/stm32f4-hal/stm32f4xx_hal_tim.o
                                 0x2e (size before relaxing)
 .rodata        0x08003500        0x3 ./src/main.o
 *(vtable)
 *(.eh_frame*)
 *(.glue_7)
 .glue_7        0x00000000        0x0 linker stubs
 *(.glue_7t)
 .glue_7t       0x00000000        0x0 linker stubs

.vfp11_veneer   0x08003504        0x0
 .vfp11_veneer  0x00000000        0x0 linker stubs

.v4_bx          0x08003504        0x0
 .v4_bx         0x00000000        0x0 linker stubs

.iplt           0x08003504        0x0
 .iplt          0x00000000        0x0 ./system/src/stm32f4-hal/stm32f4xx_hal.o

.rel.dyn        0x08003504        0x0
 .rel.iplt      0x00000000        0x0 ./system/src/stm32f4-hal/stm32f4xx_hal.o

.ARM.extab
 *(.ARM.extab* .gnu.linkonce.armextab.*)
                0x08003504                . = ALIGN (0x4)
                0x08003504                __exidx_start = .

.ARM.exidx
 *(.ARM.exidx* .gnu.linkonce.armexidx.*)
                0x08003504                __exidx_end = .
                0x08003504                . = ALIGN (0x4)
                0x08003504                _etext = .
                0x08003504                __etext = .

.data_CCMRAM    0x10000000        0x0 load address 0x08003504
 FILL mask 0xff
 *(.data.CCMRAM .data.CCMRAM.*)
                0x10000000                . = ALIGN (0x4)
                0x08003504                _sidata = LOADADDR (.data)

.data           0x20000000       0x30 load address 0x08003504
 FILL mask 0xff
                0x20000000                _sdata = .
                0x20000000                __data_start__ = .
 *(.data_begin .data_begin.*)
 .data_begin    0x20000000        0x4 ./system/src/newlib/_startup.o
 *(.data .data.*)
 .data.argv.4157
                0x20000004        0x8 ./system/src/newlib/_syscalls.o
 .data.AHBPrescTable
                0x2000000c       0x10 ./system/src/cmsis/system_stm32f4xx.o
                0x2000000c                AHBPrescTable
 .data.SystemCoreClock
                0x2000001c        0x4 ./system/src/cmsis/system_stm32f4xx.o
                0x2000001c                SystemCoreClock
 .data.xMinimumEverFreeBytesRemaining
                0x20000020        0x4 ./src/FreeRTOS/heap_4.o
 .data.xFreeBytesRemaining
                0x20000024        0x4 ./src/FreeRTOS/heap_4.o
 .data.uxCriticalNesting
                0x20000028        0x4 ./src/FreeRTOS/port.o
 *(.data_end .data_end.*)
 .data_end      0x2000002c        0x4 ./system/src/newlib/_startup.o
                0x20000030                . = ALIGN (0x4)
                0x20000030                _edata = .
                0x20000030                __data_end__ = .

.igot.plt       0x20000030        0x0 load address 0x08003534
 .igot.plt      0x00000000        0x0 ./system/src/stm32f4-hal/stm32f4xx_hal.o

.bss_CCMRAM     0x10000000        0x0
 *(.bss.CCMRAM .bss.CCMRAM.*)

.bss            0x20000030    0x12e74
                0x20000030                __bss_start__ = .
                0x20000030                _sbss = .
 *(.bss_begin .bss_begin.*)
 .bss_begin     0x20000030        0x4 ./system/src/newlib/_startup.o
 *(.bss .bss.*)
 .bss.uwTick    0x20000034        0x4 ./system/src/stm32f4-hal/stm32f4xx_hal.o
 .bss.name.4156
                0x20000038        0x1 ./system/src/newlib/_syscalls.o
 *fill*         0x20000039        0x3 
 .bss.pxEnd     0x2000003c        0x4 ./src/FreeRTOS/heap_4.o
 .bss.xStart    0x20000040        0x8 ./src/FreeRTOS/heap_4.o
 .bss.ucHeap    0x20000048    0x12c00 ./src/FreeRTOS/heap_4.o
 .bss.xBlockAllocatedBit
                0x20012c48        0x4 ./src/FreeRTOS/heap_4.o
 .bss.ucMaxSysCallPriority
                0x20012c4c        0x1 ./src/FreeRTOS/port.o
 *fill*         0x20012c4d        0x3 
 .bss.ulMaxPRIGROUPValue
                0x20012c50        0x4 ./src/FreeRTOS/port.o
 .bss.pxDelayedTaskList
                0x20012c54        0x4 ./src/FreeRTOS/tasks.o
 .bss.xSchedulerRunning
                0x20012c58        0x4 ./src/FreeRTOS/tasks.o
 .bss.pxOverflowDelayedTaskList
                0x20012c5c        0x4 ./src/FreeRTOS/tasks.o
 .bss.uxPendedTicks
                0x20012c60        0x4 ./src/FreeRTOS/tasks.o
 .bss.pxReadyTasksLists
                0x20012c64       0x64 ./src/FreeRTOS/tasks.o
 .bss.uxSchedulerSuspended
                0x20012cc8        0x4 ./src/FreeRTOS/tasks.o
 .bss.uxCurrentNumberOfTasks
                0x20012ccc        0x4 ./src/FreeRTOS/tasks.o
 .bss.pxCurrentTCB
                0x20012cd0        0x4 ./src/FreeRTOS/tasks.o
                0x20012cd0                pxCurrentTCB
 .bss.xPendingReadyList
                0x20012cd4       0x14 ./src/FreeRTOS/tasks.o
 .bss.xNumOfOverflows
                0x20012ce8        0x4 ./src/FreeRTOS/tasks.o
 .bss.xTickCount
                0x20012cec        0x4 ./src/FreeRTOS/tasks.o
 .bss.xNextTaskUnblockTime
                0x20012cf0        0x4 ./src/FreeRTOS/tasks.o
 .bss.xSuspendedTaskList
                0x20012cf4       0x14 ./src/FreeRTOS/tasks.o
 .bss.uxTopReadyPriority
                0x20012d08        0x4 ./src/FreeRTOS/tasks.o
 .bss.xYieldPending
                0x20012d0c        0x4 ./src/FreeRTOS/tasks.o
 .bss.total_led
                0x20012d10        0x4 ./src/Timer.o
 .bss.hdma1     0x20012d14       0x50 ./src/Timer.o
 .bss.IN_IRQ    0x20012d64        0x4 ./src/Timer.o
 .bss.allLedDone
                0x20012d68        0x4 ./src/Timer.o
 .bss.htim4     0x20012d6c       0x3c ./src/Timer.o
 .bss.PWMConfig
                0x20012da8       0x1c ./src/Timer.o
 .bss.color_led
                0x20012dc4        0x4 ./src/Timer.o
 .bss.current_led
                0x20012dc8        0x4 ./src/Timer.o
 .bss.GPIO_InitStruct
                0x20012dcc       0x14 ./src/Timer.o
 .bss.led_dma   0x20012de0       0xc0 ./src/Timer.o
 *(COMMON)
 *(.bss_end .bss_end.*)
 .bss_end       0x20012ea0        0x4 ./system/src/newlib/_startup.o
                0x20012ea4                . = ALIGN (0x4)
                0x20012ea4                __bss_end__ = .
                0x20012ea4                _ebss = .

.noinit_CCMRAM
 *(.noinit.CCMRAM .noinit.CCMRAM.*)

.noinit         0x20012ea4        0x0
                0x20012ea4                _noinit = .
 *(.noinit .noinit.*)
                0x20012ea4                . = ALIGN (0x4)
                0x20012ea4                _end_noinit = .
                0x20012ea4                PROVIDE (end, _end_noinit)
                0x20012ea4                PROVIDE (_end, _end_noinit)
                0x20012ea4                PROVIDE (__end, _end_noinit)
                0x20012ea4                PROVIDE (__end__, _end_noinit)

._check_stack   0x20012ea4      0x100
                0x20012fa4                . = (. + _Minimum_Stack_Size)
 *fill*         0x20012ea4      0x100 

.b1text
 *(.b1text)
 *(.b1rodata)
 *(.b1rodata.*)

.eb0text
 *(.eb0text)
 *(.eb0rodata)
 *(.eb0rodata.*)

.eb1text
 *(.eb1text)
 *(.eb1rodata)
 *(.eb1rodata.*)

.eb2text
 *(.eb2text)
 *(.eb2rodata)
 *(.eb2rodata.*)

.eb3text
 *(.eb3text)
 *(.eb3rodata)
 *(.eb3rodata.*)

.stab
 *(.stab)

.stabstr
 *(.stabstr)

.stab.excl
 *(.stab.excl)

.stab.exclstr
 *(.stab.exclstr)

.stab.index
 *(.stab.index)

.stab.indexstr
 *(.stab.indexstr)

.comment        0x00000000       0x70
 *(.comment)
 .comment       0x00000000       0x70 ./system/src/stm32f4-hal/stm32f4xx_hal.o
                                 0x71 (size before relaxing)
 .comment       0x00000000       0x71 ./system/src/stm32f4-hal/stm32f4xx_hal_cortex.o
 .comment       0x00000000       0x71 ./system/src/stm32f4-hal/stm32f4xx_hal_dma.o
 .comment       0x00000000       0x71 ./system/src/stm32f4-hal/stm32f4xx_hal_gpio.o
 .comment       0x00000000       0x71 ./system/src/stm32f4-hal/stm32f4xx_hal_rcc.o
 .comment       0x00000000       0x71 ./system/src/stm32f4-hal/stm32f4xx_hal_tim.o
 .comment       0x00000000       0x71 ./system/src/newlib/_exit.o
 .comment       0x00000000       0x71 ./system/src/newlib/_startup.o
 .comment       0x00000000       0x71 ./system/src/newlib/_syscalls.o
 .comment       0x00000000       0x71 ./system/src/newlib/assert.o
 .comment       0x00000000       0x71 ./system/src/cortexm/_initialize_hardware.o
 .comment       0x00000000       0x71 ./system/src/cortexm/exception_handlers.o
 .comment       0x00000000       0x71 ./system/src/cmsis/system_stm32f4xx.o
 .comment       0x00000000       0x71 ./system/src/cmsis/vectors_stm32f4xx.o
 .comment       0x00000000       0x71 ./src/FreeRTOS/heap_4.o
 .comment       0x00000000       0x71 ./src/FreeRTOS/list.o
 .comment       0x00000000       0x71 ./src/FreeRTOS/port.o
 .comment       0x00000000       0x71 ./src/FreeRTOS/queue.o
 .comment       0x00000000       0x71 ./src/FreeRTOS/tasks.o
 .comment       0x00000000       0x71 ./src/Timer.o
 .comment       0x00000000       0x71 ./src/_initialize_hardware.o
 .comment       0x00000000       0x71 ./src/main.o
 .comment       0x00000000       0x71 ./src/stm32f4xx_hal_msp.o

.ARM.attributes
                0x00000000       0x37
 .ARM.attributes
                0x00000000       0x33 ./system/src/stm32f4-hal/stm32f4xx_hal.o
 .ARM.attributes
                0x00000033       0x33 ./system/src/stm32f4-hal/stm32f4xx_hal_cortex.o
 .ARM.attributes
                0x00000066       0x33 ./system/src/stm32f4-hal/stm32f4xx_hal_dma.o
 .ARM.attributes
                0x00000099       0x33 ./system/src/stm32f4-hal/stm32f4xx_hal_gpio.o
 .ARM.attributes
                0x000000cc       0x33 ./system/src/stm32f4-hal/stm32f4xx_hal_rcc.o
 .ARM.attributes
                0x000000ff       0x33 ./system/src/stm32f4-hal/stm32f4xx_hal_tim.o
 .ARM.attributes
                0x00000132       0x33 ./system/src/newlib/_exit.o
 .ARM.attributes
                0x00000165       0x33 ./system/src/newlib/_startup.o
 .ARM.attributes
                0x00000198       0x33 ./system/src/newlib/_syscalls.o
 .ARM.attributes
                0x000001cb       0x33 ./system/src/newlib/assert.o
 .ARM.attributes
                0x000001fe       0x33 ./system/src/cortexm/_initialize_hardware.o
 .ARM.attributes
                0x00000231       0x33 ./system/src/cortexm/exception_handlers.o
 .ARM.attributes
                0x00000264       0x33 ./system/src/cmsis/system_stm32f4xx.o
 .ARM.attributes
                0x00000297       0x33 ./system/src/cmsis/vectors_stm32f4xx.o
 .ARM.attributes
                0x000002ca       0x39 ./src/FreeRTOS/heap_4.o
 .ARM.attributes
                0x00000303       0x33 ./src/FreeRTOS/list.o
 .ARM.attributes
                0x00000336       0x39 ./src/FreeRTOS/port.o
 .ARM.attributes
                0x0000036f       0x39 ./src/FreeRTOS/queue.o
 .ARM.attributes
                0x000003a8       0x39 ./src/FreeRTOS/tasks.o
 .ARM.attributes
                0x000003e1       0x39 ./src/Timer.o
 .ARM.attributes
                0x0000041a       0x39 ./src/_initialize_hardware.o
 .ARM.attributes
                0x00000453       0x39 ./src/main.o
 .ARM.attributes
                0x0000048c       0x39 ./src/stm32f4xx_hal_msp.o
 .ARM.attributes
                0x000004c5       0x34 c:/program files (x86)/gnu tools arm embedded/4.9 2015q2/bin/../lib/gcc/arm-none-eabi/4.9.3/../../../../arm-none-eabi/lib/armv7e-m/fpu\libg_nano.a(lib_a-bzero.o)
 .ARM.attributes
                0x000004f9       0x34 c:/program files (x86)/gnu tools arm embedded/4.9 2015q2/bin/../lib/gcc/arm-none-eabi/4.9.3/../../../../arm-none-eabi/lib/armv7e-m/fpu\libg_nano.a(lib_a-memcpy.o)

.debug
 *(.debug)

.line
 *(.line)

.debug_srcinfo
 *(.debug_srcinfo)

.debug_sfnames
 *(.debug_sfnames)

.debug_aranges  0x00000000      0xc48
 *(.debug_aranges)
 .debug_aranges
                0x00000000       0xc0 ./system/src/stm32f4-hal/stm32f4xx_hal.o
 .debug_aranges
                0x000000c0       0x90 ./system/src/stm32f4-hal/stm32f4xx_hal_cortex.o
 .debug_aranges
                0x00000150       0x68 ./system/src/stm32f4-hal/stm32f4xx_hal_dma.o
 .debug_aranges
                0x000001b8       0x58 ./system/src/stm32f4-hal/stm32f4xx_hal_gpio.o
 .debug_aranges
                0x00000210       0x88 ./system/src/stm32f4-hal/stm32f4xx_hal_rcc.o
 .debug_aranges
                0x00000298      0x368 ./system/src/stm32f4-hal/stm32f4xx_hal_tim.o
 .debug_aranges
                0x00000600       0x28 ./system/src/newlib/_exit.o
 .debug_aranges
                0x00000628       0x40 ./system/src/newlib/_startup.o
 .debug_aranges
                0x00000668       0x30 ./system/src/newlib/_syscalls.o
 .debug_aranges
                0x00000698       0x28 ./system/src/newlib/assert.o
 .debug_aranges
                0x000006c0       0x28 ./system/src/cortexm/_initialize_hardware.o
 .debug_aranges
                0x000006e8       0x80 ./system/src/cortexm/exception_handlers.o
 .debug_aranges
                0x00000768       0x28 ./system/src/cmsis/system_stm32f4xx.o
 .debug_aranges
                0x00000790       0x20 ./system/src/cmsis/vectors_stm32f4xx.o
 .debug_aranges
                0x000007b0       0x50 ./src/FreeRTOS/heap_4.o
 .debug_aranges
                0x00000800       0x40 ./src/FreeRTOS/list.o
 .debug_aranges
                0x00000840       0x80 ./src/FreeRTOS/port.o
 .debug_aranges
                0x000008c0      0x100 ./src/FreeRTOS/queue.o
 .debug_aranges
                0x000009c0      0x1c0 ./src/FreeRTOS/tasks.o
 .debug_aranges
                0x00000b80       0x48 ./src/Timer.o
 .debug_aranges
                0x00000bc8       0x28 ./src/_initialize_hardware.o
 .debug_aranges
                0x00000bf0       0x28 ./src/main.o
 .debug_aranges
                0x00000c18       0x30 ./src/stm32f4xx_hal_msp.o

.debug_pubnames
 *(.debug_pubnames)

.debug_info     0x00000000    0x10cb6
 *(.debug_info .gnu.linkonce.wi.*)
 .debug_info    0x00000000      0x9bc ./system/src/stm32f4-hal/stm32f4xx_hal.o
 .debug_info    0x000009bc      0xe4e ./system/src/stm32f4-hal/stm32f4xx_hal_cortex.o
 .debug_info    0x0000180a      0x90e ./system/src/stm32f4-hal/stm32f4xx_hal_dma.o
 .debug_info    0x00002118      0x86b ./system/src/stm32f4-hal/stm32f4xx_hal_gpio.o
 .debug_info    0x00002983     0x1339 ./system/src/stm32f4-hal/stm32f4xx_hal_rcc.o
 .debug_info    0x00003cbc     0x4318 ./system/src/stm32f4-hal/stm32f4xx_hal_tim.o
 .debug_info    0x00007fd4       0xee ./system/src/newlib/_exit.o
 .debug_info    0x000080c2      0x50f ./system/src/newlib/_startup.o
 .debug_info    0x000085d1      0x1a9 ./system/src/newlib/_syscalls.o
 .debug_info    0x0000877a      0x168 ./system/src/newlib/assert.o
 .debug_info    0x000088e2       0xed ./system/src/cortexm/_initialize_hardware.o
 .debug_info    0x000089cf      0x2a2 ./system/src/cortexm/exception_handlers.o
 .debug_info    0x00008c71      0x4aa ./system/src/cmsis/system_stm32f4xx.o
 .debug_info    0x0000911b       0xd4 ./system/src/cmsis/vectors_stm32f4xx.o
 .debug_info    0x000091ef      0x424 ./src/FreeRTOS/heap_4.o
 .debug_info    0x00009613      0x2ba ./src/FreeRTOS/list.o
 .debug_info    0x000098cd      0x569 ./src/FreeRTOS/port.o
 .debug_info    0x00009e36     0x197d ./src/FreeRTOS/queue.o
 .debug_info    0x0000b7b3     0x27e2 ./src/FreeRTOS/tasks.o
 .debug_info    0x0000df95     0x159f ./src/Timer.o
 .debug_info    0x0000f534      0x554 ./src/_initialize_hardware.o
 .debug_info    0x0000fa88      0x63f ./src/main.o
 .debug_info    0x000100c7      0xbef ./src/stm32f4xx_hal_msp.o

.debug_abbrev   0x00000000     0x2a27
 *(.debug_abbrev)
 .debug_abbrev  0x00000000      0x275 ./system/src/stm32f4-hal/stm32f4xx_hal.o
 .debug_abbrev  0x00000275      0x2d7 ./system/src/stm32f4-hal/stm32f4xx_hal_cortex.o
 .debug_abbrev  0x0000054c      0x221 ./system/src/stm32f4-hal/stm32f4xx_hal_dma.o
 .debug_abbrev  0x0000076d      0x209 ./system/src/stm32f4-hal/stm32f4xx_hal_gpio.o
 .debug_abbrev  0x00000976      0x2cc ./system/src/stm32f4-hal/stm32f4xx_hal_rcc.o
 .debug_abbrev  0x00000c42      0x252 ./system/src/stm32f4-hal/stm32f4xx_hal_tim.o
 .debug_abbrev  0x00000e94       0xb7 ./system/src/newlib/_exit.o
 .debug_abbrev  0x00000f4b      0x211 ./system/src/newlib/_startup.o
 .debug_abbrev  0x0000115c       0xe7 ./system/src/newlib/_syscalls.o
 .debug_abbrev  0x00001243       0xb6 ./system/src/newlib/assert.o
 .debug_abbrev  0x000012f9       0x88 ./system/src/cortexm/_initialize_hardware.o
 .debug_abbrev  0x00001381      0x127 ./system/src/cortexm/exception_handlers.o
 .debug_abbrev  0x000014a8      0x104 ./system/src/cmsis/system_stm32f4xx.o
 .debug_abbrev  0x000015ac       0x9d ./system/src/cmsis/vectors_stm32f4xx.o
 .debug_abbrev  0x00001649      0x232 ./src/FreeRTOS/heap_4.o
 .debug_abbrev  0x0000187b       0xf9 ./src/FreeRTOS/list.o
 .debug_abbrev  0x00001974      0x234 ./src/FreeRTOS/port.o
 .debug_abbrev  0x00001ba8      0x2e4 ./src/FreeRTOS/queue.o
 .debug_abbrev  0x00001e8c      0x36d ./src/FreeRTOS/tasks.o
 .debug_abbrev  0x000021f9      0x2d7 ./src/Timer.o
 .debug_abbrev  0x000024d0      0x1c4 ./src/_initialize_hardware.o
 .debug_abbrev  0x00002694      0x1ef ./src/main.o
 .debug_abbrev  0x00002883      0x1a4 ./src/stm32f4xx_hal_msp.o

.debug_line     0x00000000    0x130dd
 *(.debug_line)
 .debug_line    0x00000000      0xacd ./system/src/stm32f4-hal/stm32f4xx_hal.o
 .debug_line    0x00000acd      0xb1e ./system/src/stm32f4-hal/stm32f4xx_hal_cortex.o
 .debug_line    0x000015eb     0x2ea3 ./system/src/stm32f4-hal/stm32f4xx_hal_dma.o
 .debug_line    0x0000448e      0xc58 ./system/src/stm32f4-hal/stm32f4xx_hal_gpio.o
 .debug_line    0x000050e6      0xe43 ./system/src/stm32f4-hal/stm32f4xx_hal_rcc.o
 .debug_line    0x00005f29     0x3647 ./system/src/stm32f4-hal/stm32f4xx_hal_tim.o
 .debug_line    0x00009570      0x2cd ./system/src/newlib/_exit.o
 .debug_line    0x0000983d      0x341 ./system/src/newlib/_startup.o
 .debug_line    0x00009b7e      0x3aa ./system/src/newlib/_syscalls.o
 .debug_line    0x00009f28      0x2f2 ./system/src/newlib/assert.o
 .debug_line    0x0000a21a      0x967 ./system/src/cortexm/_initialize_hardware.o
 .debug_line    0x0000ab81      0xa54 ./system/src/cortexm/exception_handlers.o
 .debug_line    0x0000b5d5      0x968 ./system/src/cmsis/system_stm32f4xx.o
 .debug_line    0x0000bf3d      0x108 ./system/src/cmsis/vectors_stm32f4xx.o
 .debug_line    0x0000c045      0xb49 ./src/FreeRTOS/heap_4.o
 .debug_line    0x0000cb8e      0xab9 ./src/FreeRTOS/list.o
 .debug_line    0x0000d647      0xbe9 ./src/FreeRTOS/port.o
 .debug_line    0x0000e230     0x112a ./src/FreeRTOS/queue.o
 .debug_line    0x0000f35a     0x151a ./src/FreeRTOS/tasks.o
 .debug_line    0x00010874      0xb9f ./src/Timer.o
 .debug_line    0x00011413      0x961 ./src/_initialize_hardware.o
 .debug_line    0x00011d74      0x9e8 ./src/main.o
 .debug_line    0x0001275c      0x981 ./src/stm32f4xx_hal_msp.o

.debug_frame    0x00000000     0x1fe8
 *(.debug_frame)
 .debug_frame   0x00000000      0x188 ./system/src/stm32f4-hal/stm32f4xx_hal.o
 .debug_frame   0x00000188      0x164 ./system/src/stm32f4-hal/stm32f4xx_hal_cortex.o
 .debug_frame   0x000002ec      0x114 ./system/src/stm32f4-hal/stm32f4xx_hal_dma.o
 .debug_frame   0x00000400       0xfc ./system/src/stm32f4-hal/stm32f4xx_hal_gpio.o
 .debug_frame   0x000004fc      0x144 ./system/src/stm32f4-hal/stm32f4xx_hal_rcc.o
 .debug_frame   0x00000640      0xa88 ./system/src/stm32f4-hal/stm32f4xx_hal_tim.o
 .debug_frame   0x000010c8       0x38 ./system/src/newlib/_exit.o
 .debug_frame   0x00001100       0x7c ./system/src/newlib/_startup.o
 .debug_frame   0x0000117c       0x50 ./system/src/newlib/_syscalls.o
 .debug_frame   0x000011cc       0x40 ./system/src/newlib/assert.o
 .debug_frame   0x0000120c       0x40 ./system/src/cortexm/_initialize_hardware.o
 .debug_frame   0x0000124c       0xe8 ./system/src/cortexm/exception_handlers.o
 .debug_frame   0x00001334       0x30 ./system/src/cmsis/system_stm32f4xx.o
 .debug_frame   0x00001364       0x20 ./system/src/cmsis/vectors_stm32f4xx.o
 .debug_frame   0x00001384       0xb8 ./src/FreeRTOS/heap_4.o
 .debug_frame   0x0000143c       0x6c ./src/FreeRTOS/list.o
 .debug_frame   0x000014a8       0xf0 ./src/FreeRTOS/port.o
 .debug_frame   0x00001598      0x2e0 ./src/FreeRTOS/queue.o
 .debug_frame   0x00001878      0x564 ./src/FreeRTOS/tasks.o
 .debug_frame   0x00001ddc       0xe0 ./src/Timer.o
 .debug_frame   0x00001ebc       0x48 ./src/_initialize_hardware.o
 .debug_frame   0x00001f04       0x38 ./src/main.o
 .debug_frame   0x00001f3c       0x64 ./src/stm32f4xx_hal_msp.o
 .debug_frame   0x00001fa0       0x20 c:/program files (x86)/gnu tools arm embedded/4.9 2015q2/bin/../lib/gcc/arm-none-eabi/4.9.3/../../../../arm-none-eabi/lib/armv7e-m/fpu\libg_nano.a(lib_a-bzero.o)
 .debug_frame   0x00001fc0       0x28 c:/program files (x86)/gnu tools arm embedded/4.9 2015q2/bin/../lib/gcc/arm-none-eabi/4.9.3/../../../../arm-none-eabi/lib/armv7e-m/fpu\libg_nano.a(lib_a-memcpy.o)

.debug_str      0x00000000    0xa6d0e
 *(.debug_str)
 .debug_str     0x00000000    0x9ae40 ./system/src/stm32f4-hal/stm32f4xx_hal.o
                              0x9b245 (size before relaxing)
 .debug_str     0x0009ae40      0x2ad ./system/src/stm32f4-hal/stm32f4xx_hal_cortex.o
                              0x9af97 (size before relaxing)
 .debug_str     0x0009b0ed      0x3e9 ./system/src/stm32f4-hal/stm32f4xx_hal_dma.o
                              0x9aad2 (size before relaxing)
 .debug_str     0x0009b4d6      0x2db ./system/src/stm32f4-hal/stm32f4xx_hal_gpio.o
                              0x9aaa1 (size before relaxing)
 .debug_str     0x0009b7b1      0x393 ./system/src/stm32f4-hal/stm32f4xx_hal_rcc.o
                              0x9ac54 (size before relaxing)
 .debug_str     0x0009bb44      0xe88 ./system/src/stm32f4-hal/stm32f4xx_hal_tim.o
                              0x9b894 (size before relaxing)
 .debug_str     0x0009c9cc      0xeeb ./system/src/newlib/_exit.o
                               0x5e8c (size before relaxing)
 .debug_str     0x0009d8b7      0x2cc ./system/src/newlib/_startup.o
                               0x423c (size before relaxing)
 .debug_str     0x0009db83     0x146b ./system/src/newlib/_syscalls.o
                               0x65f8 (size before relaxing)
 .debug_str     0x0009efee       0xdc ./system/src/newlib/assert.o
                               0x699c (size before relaxing)
 .debug_str     0x0009f0ca       0x67 ./system/src/cortexm/_initialize_hardware.o
                              0x9a6ca (size before relaxing)
 .debug_str     0x0009f131      0x1a3 ./system/src/cortexm/exception_handlers.o
                              0x9b603 (size before relaxing)
 .debug_str     0x0009f2d4       0x46 ./system/src/cmsis/system_stm32f4xx.o
                              0x9a83d (size before relaxing)
 .debug_str     0x0009f31a       0x57 ./system/src/cmsis/vectors_stm32f4xx.o
                               0x3090 (size before relaxing)
 .debug_str     0x0009f371     0x3b84 ./src/FreeRTOS/heap_4.o
                              0x9e1ac (size before relaxing)
 .debug_str     0x000a2ef5      0x12e ./src/FreeRTOS/list.o
                              0x9d82d (size before relaxing)
 .debug_str     0x000a3023      0x810 ./src/FreeRTOS/port.o
                              0x9e63f (size before relaxing)
 .debug_str     0x000a3833     0x1238 ./src/FreeRTOS/queue.o
                              0x9f314 (size before relaxing)
 .debug_str     0x000a4a6b     0x194c ./src/FreeRTOS/tasks.o
                              0x9fc9c (size before relaxing)
 .debug_str     0x000a63b7      0x8ee ./src/Timer.o
                              0x9f064 (size before relaxing)
 .debug_str     0x000a6ca5       0x1e ./src/_initialize_hardware.o
                              0x9a9a0 (size before relaxing)
 .debug_str     0x000a6cc3       0x26 ./src/main.o
                              0x9bcf6 (size before relaxing)
 .debug_str     0x000a6ce9       0x25 ./src/stm32f4xx_hal_msp.o
                              0x9b2b1 (size before relaxing)

.debug_loc      0x00000000     0x6cb8
 *(.debug_loc)
 .debug_loc     0x00000000       0xb6 ./system/src/stm32f4-hal/stm32f4xx_hal.o
 .debug_loc     0x000000b6      0x5ef ./system/src/stm32f4-hal/stm32f4xx_hal_cortex.o
 .debug_loc     0x000006a5      0x48b ./system/src/stm32f4-hal/stm32f4xx_hal_dma.o
 .debug_loc     0x00000b30      0x488 ./system/src/stm32f4-hal/stm32f4xx_hal_gpio.o
 .debug_loc     0x00000fb8      0x7f4 ./system/src/stm32f4-hal/stm32f4xx_hal_rcc.o
 .debug_loc     0x000017ac     0x273f ./system/src/stm32f4-hal/stm32f4xx_hal_tim.o
 .debug_loc     0x00003eeb      0x36e ./system/src/newlib/_startup.o
 .debug_loc     0x00004259       0x63 ./system/src/newlib/_syscalls.o
 .debug_loc     0x000042bc       0xc6 ./system/src/newlib/assert.o
 .debug_loc     0x00004382      0x137 ./system/src/cmsis/system_stm32f4xx.o
 .debug_loc     0x000044b9      0x284 ./src/FreeRTOS/heap_4.o
 .debug_loc     0x0000473d       0x65 ./src/FreeRTOS/list.o
 .debug_loc     0x000047a2       0xa7 ./src/FreeRTOS/port.o
 .debug_loc     0x00004849      0xc29 ./src/FreeRTOS/queue.o
 .debug_loc     0x00005472     0x16a6 ./src/FreeRTOS/tasks.o
 .debug_loc     0x00006b18      0x13f ./src/Timer.o
 .debug_loc     0x00006c57       0x14 ./src/main.o
 .debug_loc     0x00006c6b       0x4d ./src/stm32f4xx_hal_msp.o

.debug_macinfo
 *(.debug_macinfo)

.debug_weaknames
 *(.debug_weaknames)

.debug_funcnames
 *(.debug_funcnames)

.debug_typenames
 *(.debug_typenames)

.debug_varnames
 *(.debug_varnames)
OUTPUT(Visage_LEDs_2.elf elf32-littlearm)

.debug_ranges   0x00000000      0xb10
 .debug_ranges  0x00000000       0xb0 ./system/src/stm32f4-hal/stm32f4xx_hal.o
 .debug_ranges  0x000000b0       0x80 ./system/src/stm32f4-hal/stm32f4xx_hal_cortex.o
 .debug_ranges  0x00000130       0x58 ./system/src/stm32f4-hal/stm32f4xx_hal_dma.o
 .debug_ranges  0x00000188       0x48 ./system/src/stm32f4-hal/stm32f4xx_hal_gpio.o
 .debug_ranges  0x000001d0       0x78 ./system/src/stm32f4-hal/stm32f4xx_hal_rcc.o
 .debug_ranges  0x00000248      0x358 ./system/src/stm32f4-hal/stm32f4xx_hal_tim.o
 .debug_ranges  0x000005a0       0x18 ./system/src/newlib/_exit.o
 .debug_ranges  0x000005b8       0x30 ./system/src/newlib/_startup.o
 .debug_ranges  0x000005e8       0x20 ./system/src/newlib/_syscalls.o
 .debug_ranges  0x00000608       0x18 ./system/src/newlib/assert.o
 .debug_ranges  0x00000620       0x18 ./system/src/cortexm/_initialize_hardware.o
 .debug_ranges  0x00000638       0x70 ./system/src/cortexm/exception_handlers.o
 .debug_ranges  0x000006a8       0x18 ./system/src/cmsis/system_stm32f4xx.o
 .debug_ranges  0x000006c0       0x10 ./system/src/cmsis/vectors_stm32f4xx.o
 .debug_ranges  0x000006d0       0x40 ./src/FreeRTOS/heap_4.o
 .debug_ranges  0x00000710       0x30 ./src/FreeRTOS/list.o
 .debug_ranges  0x00000740       0x70 ./src/FreeRTOS/port.o
 .debug_ranges  0x000007b0       0xf0 ./src/FreeRTOS/queue.o
 .debug_ranges  0x000008a0      0x1e8 ./src/FreeRTOS/tasks.o
 .debug_ranges  0x00000a88       0x38 ./src/Timer.o
 .debug_ranges  0x00000ac0       0x18 ./src/_initialize_hardware.o
 .debug_ranges  0x00000ad8       0x18 ./src/main.o
 .debug_ranges  0x00000af0       0x20 ./src/stm32f4xx_hal_msp.o

.debug_macro    0x00000000    0x1c5bc
 .debug_macro   0x00000000      0x492 ./system/src/stm32f4-hal/stm32f4xx_hal.o
 .debug_macro   0x00000492      0x88c ./system/src/stm32f4-hal/stm32f4xx_hal.o
 .debug_macro   0x00000d1e      0x250 ./system/src/stm32f4-hal/stm32f4xx_hal.o
 .debug_macro   0x00000f6e       0x2e ./system/src/stm32f4-hal/stm32f4xx_hal.o
 .debug_macro   0x00000f9c       0x28 ./system/src/stm32f4-hal/stm32f4xx_hal.o
 .debug_macro   0x00000fc4       0x3b ./system/src/stm32f4-hal/stm32f4xx_hal.o
 .debug_macro   0x00000fff      0x34e ./system/src/stm32f4-hal/stm32f4xx_hal.o
 .debug_macro   0x0000134d       0x2d ./system/src/stm32f4-hal/stm32f4xx_hal.o
 .debug_macro   0x0000137a       0x26 ./system/src/stm32f4-hal/stm32f4xx_hal.o
 .debug_macro   0x000013a0      0xd39 ./system/src/stm32f4-hal/stm32f4xx_hal.o
 .debug_macro   0x000020d9     0x9485 ./system/src/stm32f4-hal/stm32f4xx_hal.o
 .debug_macro   0x0000b55e       0x43 ./system/src/stm32f4-hal/stm32f4xx_hal.o
 .debug_macro   0x0000b5a1     0x296e ./system/src/stm32f4-hal/stm32f4xx_hal.o
 .debug_macro   0x0000df0f       0x58 ./system/src/stm32f4-hal/stm32f4xx_hal.o
 .debug_macro   0x0000df67       0x22 ./system/src/stm32f4-hal/stm32f4xx_hal.o
 .debug_macro   0x0000df89       0x35 ./system/src/stm32f4-hal/stm32f4xx_hal.o
 .debug_macro   0x0000dfbe       0x9c ./system/src/stm32f4-hal/stm32f4xx_hal.o
 .debug_macro   0x0000e05a       0x16 ./system/src/stm32f4-hal/stm32f4xx_hal.o
 .debug_macro   0x0000e070       0x4a ./system/src/stm32f4-hal/stm32f4xx_hal.o
 .debug_macro   0x0000e0ba       0x97 ./system/src/stm32f4-hal/stm32f4xx_hal.o
 .debug_macro   0x0000e151      0x27a ./system/src/stm32f4-hal/stm32f4xx_hal.o
 .debug_macro   0x0000e3cb       0xf6 ./system/src/stm32f4-hal/stm32f4xx_hal.o
 .debug_macro   0x0000e4c1       0x10 ./system/src/stm32f4-hal/stm32f4xx_hal.o
 .debug_macro   0x0000e4d1       0x52 ./system/src/stm32f4-hal/stm32f4xx_hal.o
 .debug_macro   0x0000e523       0x16 ./system/src/stm32f4-hal/stm32f4xx_hal.o
 .debug_macro   0x0000e539       0x43 ./system/src/stm32f4-hal/stm32f4xx_hal.o
 .debug_macro   0x0000e57c      0x180 ./system/src/stm32f4-hal/stm32f4xx_hal.o
 .debug_macro   0x0000e6fc       0x10 ./system/src/stm32f4-hal/stm32f4xx_hal.o
 .debug_macro   0x0000e70c       0x22 ./system/src/stm32f4-hal/stm32f4xx_hal.o
 .debug_macro   0x0000e72e       0x22 ./system/src/stm32f4-hal/stm32f4xx_hal.o
 .debug_macro   0x0000e750       0xbe ./system/src/stm32f4-hal/stm32f4xx_hal.o
 .debug_macro   0x0000e80e       0x16 ./system/src/stm32f4-hal/stm32f4xx_hal.o
 .debug_macro   0x0000e824      0x197 ./system/src/stm32f4-hal/stm32f4xx_hal.o
 .debug_macro   0x0000e9bb       0x57 ./system/src/stm32f4-hal/stm32f4xx_hal.o
 .debug_macro   0x0000ea12      0x486 ./system/src/stm32f4-hal/stm32f4xx_hal.o
 .debug_macro   0x0000ee98      0xbb0 ./system/src/stm32f4-hal/stm32f4xx_hal.o
 .debug_macro   0x0000fa48      0x11e ./system/src/stm32f4-hal/stm32f4xx_hal.o
 .debug_macro   0x0000fb66      0x13e ./system/src/stm32f4-hal/stm32f4xx_hal.o
 .debug_macro   0x0000fca4       0x27 ./system/src/stm32f4-hal/stm32f4xx_hal.o
 .debug_macro   0x0000fccb      0x272 ./system/src/stm32f4-hal/stm32f4xx_hal.o
 .debug_macro   0x0000ff3d       0x5f ./system/src/stm32f4-hal/stm32f4xx_hal.o
 .debug_macro   0x0000ff9c       0x5d ./system/src/stm32f4-hal/stm32f4xx_hal.o
 .debug_macro   0x0000fff9      0x31a ./system/src/stm32f4-hal/stm32f4xx_hal.o
 .debug_macro   0x00010313      0x15b ./system/src/stm32f4-hal/stm32f4xx_hal.o
 .debug_macro   0x0001046e       0xd6 ./system/src/stm32f4-hal/stm32f4xx_hal.o
 .debug_macro   0x00010544      0x360 ./system/src/stm32f4-hal/stm32f4xx_hal.o
 .debug_macro   0x000108a4       0x23 ./system/src/stm32f4-hal/stm32f4xx_hal.o
 .debug_macro   0x000108c7      0x122 ./system/src/stm32f4-hal/stm32f4xx_hal.o
 .debug_macro   0x000109e9       0x19 ./system/src/stm32f4-hal/stm32f4xx_hal.o
 .debug_macro   0x00010a02       0xe6 ./system/src/stm32f4-hal/stm32f4xx_hal.o
 .debug_macro   0x00010ae8       0xa1 ./system/src/stm32f4-hal/stm32f4xx_hal.o
 .debug_macro   0x00010b89       0x3c ./system/src/stm32f4-hal/stm32f4xx_hal.o
 .debug_macro   0x00010bc5      0x1af ./system/src/stm32f4-hal/stm32f4xx_hal.o
 .debug_macro   0x00010d74      0xda8 ./system/src/stm32f4-hal/stm32f4xx_hal.o
 .debug_macro   0x00011b1c      0x133 ./system/src/stm32f4-hal/stm32f4xx_hal.o
 .debug_macro   0x00011c4f      0x217 ./system/src/stm32f4-hal/stm32f4xx_hal.o
 .debug_macro   0x00011e66       0x2e ./system/src/stm32f4-hal/stm32f4xx_hal.o
 .debug_macro   0x00011e94      0x4ef ./system/src/stm32f4-hal/stm32f4xx_hal.o
 .debug_macro   0x00012383       0x88 ./system/src/stm32f4-hal/stm32f4xx_hal.o
 .debug_macro   0x0001240b       0xd5 ./system/src/stm32f4-hal/stm32f4xx_hal.o
 .debug_macro   0x000124e0      0x183 ./system/src/stm32f4-hal/stm32f4xx_hal.o
 .debug_macro   0x00012663       0xb9 ./system/src/stm32f4-hal/stm32f4xx_hal.o
 .debug_macro   0x0001271c       0x20 ./system/src/stm32f4-hal/stm32f4xx_hal.o
 .debug_macro   0x0001273c      0x17d ./system/src/stm32f4-hal/stm32f4xx_hal.o
 .debug_macro   0x000128b9       0x9e ./system/src/stm32f4-hal/stm32f4xx_hal.o
 .debug_macro   0x00012957      0x1a7 ./system/src/stm32f4-hal/stm32f4xx_hal.o
 .debug_macro   0x00012afe       0x43 ./system/src/stm32f4-hal/stm32f4xx_hal.o
 .debug_macro   0x00012b41       0x97 ./system/src/stm32f4-hal/stm32f4xx_hal.o
 .debug_macro   0x00012bd8      0x12c ./system/src/stm32f4-hal/stm32f4xx_hal.o
 .debug_macro   0x00012d04       0x71 ./system/src/stm32f4-hal/stm32f4xx_hal.o
 .debug_macro   0x00012d75       0x90 ./system/src/stm32f4-hal/stm32f4xx_hal.o
 .debug_macro   0x00012e05       0x7c ./system/src/stm32f4-hal/stm32f4xx_hal.o
 .debug_macro   0x00012e81      0x31a ./system/src/stm32f4-hal/stm32f4xx_hal.o
 .debug_macro   0x0001319b      0x409 ./system/src/stm32f4-hal/stm32f4xx_hal.o
 .debug_macro   0x000135a4       0xe4 ./system/src/stm32f4-hal/stm32f4xx_hal.o
 .debug_macro   0x00013688      0x48d ./system/src/stm32f4-hal/stm32f4xx_hal.o
 .debug_macro   0x00013b15      0x22b ./system/src/stm32f4-hal/stm32f4xx_hal.o
 .debug_macro   0x00013d40      0x202 ./system/src/stm32f4-hal/stm32f4xx_hal.o
 .debug_macro   0x00013f42      0x6d9 ./system/src/stm32f4-hal/stm32f4xx_hal.o
 .debug_macro   0x0001461b       0x59 ./system/src/stm32f4-hal/stm32f4xx_hal.o
 .debug_macro   0x00014674      0x14d ./system/src/stm32f4-hal/stm32f4xx_hal.o
 .debug_macro   0x000147c1      0x287 ./system/src/stm32f4-hal/stm32f4xx_hal.o
 .debug_macro   0x00014a48      0x225 ./system/src/stm32f4-hal/stm32f4xx_hal.o
 .debug_macro   0x00014c6d      0x1b5 ./system/src/stm32f4-hal/stm32f4xx_hal.o
 .debug_macro   0x00014e22      0x2db ./system/src/stm32f4-hal/stm32f4xx_hal.o
 .debug_macro   0x000150fd       0x94 ./system/src/stm32f4-hal/stm32f4xx_hal.o
 .debug_macro   0x00015191      0x1df ./system/src/stm32f4-hal/stm32f4xx_hal.o
 .debug_macro   0x00015370      0x10b ./system/src/stm32f4-hal/stm32f4xx_hal.o
 .debug_macro   0x0001547b       0x75 ./system/src/stm32f4-hal/stm32f4xx_hal.o
 .debug_macro   0x000154f0      0x126 ./system/src/stm32f4-hal/stm32f4xx_hal.o
 .debug_macro   0x00015616      0x444 ./system/src/stm32f4-hal/stm32f4xx_hal_cortex.o
 .debug_macro   0x00015a5a      0x44b ./system/src/stm32f4-hal/stm32f4xx_hal_dma.o
 .debug_macro   0x00015ea5      0x47c ./system/src/stm32f4-hal/stm32f4xx_hal_gpio.o
 .debug_macro   0x00016321      0x46e ./system/src/stm32f4-hal/stm32f4xx_hal_rcc.o
 .debug_macro   0x0001678f      0x445 ./system/src/stm32f4-hal/stm32f4xx_hal_tim.o
 .debug_macro   0x00016bd4      0x131 ./system/src/newlib/_exit.o
 .debug_macro   0x00016d05      0x10e ./system/src/newlib/_exit.o
 .debug_macro   0x00016e13       0x86 ./system/src/newlib/_exit.o
 .debug_macro   0x00016e99       0x35 ./system/src/newlib/_exit.o
 .debug_macro   0x00016ece       0xe4 ./system/src/newlib/_startup.o
 .debug_macro   0x00016fb2      0x892 ./system/src/newlib/_startup.o
 .debug_macro   0x00017844      0x1ad ./system/src/newlib/_syscalls.o
 .debug_macro   0x000179f1       0x1c ./system/src/newlib/_syscalls.o
 .debug_macro   0x00017a0d       0x10 ./system/src/newlib/_syscalls.o
 .debug_macro   0x00017a1d       0x10 ./system/src/newlib/_syscalls.o
 .debug_macro   0x00017a2d       0x10 ./system/src/newlib/_syscalls.o
 .debug_macro   0x00017a3d       0x10 ./system/src/newlib/_syscalls.o
 .debug_macro   0x00017a4d       0x35 ./system/src/newlib/_syscalls.o
 .debug_macro   0x00017a82      0x122 ./system/src/newlib/_syscalls.o
 .debug_macro   0x00017ba4       0x2e ./system/src/newlib/_syscalls.o
 .debug_macro   0x00017bd2       0x82 ./system/src/newlib/_syscalls.o
 .debug_macro   0x00017c54       0x2b ./system/src/newlib/_syscalls.o
 .debug_macro   0x00017c7f      0x118 ./system/src/newlib/_syscalls.o
 .debug_macro   0x00017d97      0x13e ./system/src/newlib/_syscalls.o
 .debug_macro   0x00017ed5       0x16 ./system/src/newlib/_syscalls.o
 .debug_macro   0x00017eeb      0x14d ./system/src/newlib/assert.o
 .debug_macro   0x00018038       0x1c ./system/src/newlib/assert.o
 .debug_macro   0x00018054      0x44e ./system/src/cortexm/_initialize_hardware.o
 .debug_macro   0x000184a2      0x4a8 ./system/src/cortexm/exception_handlers.o
 .debug_macro   0x0001894a       0x22 ./system/src/cortexm/exception_handlers.o
 .debug_macro   0x0001896c       0x16 ./system/src/cortexm/exception_handlers.o
 .debug_macro   0x00018982      0x44a ./system/src/cmsis/system_stm32f4xx.o
 .debug_macro   0x00018dcc       0x34 ./system/src/cmsis/vectors_stm32f4xx.o
 .debug_macro   0x00018e00      0x4fe ./src/FreeRTOS/heap_4.o
 .debug_macro   0x000192fe      0x892 ./src/FreeRTOS/heap_4.o
 .debug_macro   0x00019b90       0x3b ./src/FreeRTOS/heap_4.o
 .debug_macro   0x00019bcb      0x4d1 ./src/FreeRTOS/list.o
 .debug_macro   0x0001a09c      0x578 ./src/FreeRTOS/port.o
 .debug_macro   0x0001a614      0x543 ./src/FreeRTOS/queue.o
 .debug_macro   0x0001ab57       0xb0 ./src/FreeRTOS/queue.o
 .debug_macro   0x0001ac07      0x57f ./src/FreeRTOS/tasks.o
 .debug_macro   0x0001b186       0x10 ./src/FreeRTOS/tasks.o
 .debug_macro   0x0001b196      0x4dd ./src/Timer.o
 .debug_macro   0x0001b673       0x10 ./src/Timer.o
 .debug_macro   0x0001b683       0x2e ./src/Timer.o
 .debug_macro   0x0001b6b1      0x115 ./src/Timer.o
 .debug_macro   0x0001b7c6       0x7f ./src/Timer.o
 .debug_macro   0x0001b845      0x444 ./src/_initialize_hardware.o
 .debug_macro   0x0001bc89      0x4d2 ./src/main.o
 .debug_macro   0x0001c15b      0x461 ./src/stm32f4xx_hal_msp.o
